05-01 23:42:46.769 1362-1404/? W/audio_hw_generic: Hardware backing HAL too slow, could only write 0 of 720 frames
05-01 23:42:46.787 1362-1404/? W/audio_hw_generic: Hardware backing HAL too slow, could only write 0 of 720 frames
05-01 23:42:46.799 1362-1404/? W/audio_hw_generic: Hardware backing HAL too slow, could only write 0 of 720 frames
05-01 23:42:46.819 1362-1404/? W/audio_hw_generic: Hardware backing HAL too slow, could only write 0 of 720 frames
05-01 23:42:46.829 1362-1404/? W/audio_hw_generic: Hardware backing HAL too slow, could only write 0 of 720 frames
05-01 23:42:46.841 7010-7014/project03.csc214.techplace I/art: Do partial code cache collection, code=61KB, data=61KB
05-01 23:42:46.844 1362-1404/? W/audio_hw_generic: Hardware backing HAL too slow, could only write 0 of 720 frames
05-01 23:42:46.844 7010-7014/project03.csc214.techplace I/art: After code cache collection, code=61KB, data=61KB
05-01 23:42:46.844 7010-7014/project03.csc214.techplace I/art: Increasing code cache capacity to 256KB
05-01 23:42:46.861 1362-1404/? W/audio_hw_generic: Hardware backing HAL too slow, could only write 0 of 720 frames
05-01 23:42:46.878 1362-1404/? W/audio_hw_generic: Hardware backing HAL too slow, could only write 0 of 720 frames
05-01 23:42:46.894 1362-1404/? W/audio_hw_generic: Hardware backing HAL too slow, could only write 0 of 720 frames
05-01 23:42:46.904 1362-1404/? W/audio_hw_generic: Hardware backing HAL too slow, could only write 0 of 720 frames
05-01 23:42:46.920 1362-1404/? W/audio_hw_generic: Hardware backing HAL too slow, could only write 0 of 720 frames
05-01 23:42:46.939 1362-1404/? W/audio_hw_generic: Hardware backing HAL too slow, could only write 0 of 720 frames
05-01 23:42:46.954 1362-1404/? W/audio_hw_generic: Hardware backing HAL too slow, could only write 0 of 720 frames
05-01 23:42:46.966 1362-1404/? W/audio_hw_generic: Hardware backing HAL too slow, could only write 0 of 720 frames
05-01 23:42:46.978 1362-1404/? W/audio_hw_generic: Hardware backing HAL too slow, could only write 0 of 720 frames
05-01 23:42:46.993 1362-1404/? W/audio_hw_generic: Hardware backing HAL too slow, could only write 0 of 720 frames
05-01 23:42:47.009 1362-1404/? W/audio_hw_generic: Hardware backing HAL too slow, could only write 0 of 720 frames
05-01 23:42:47.031 1362-1404/? W/audio_hw_generic: Hardware backing HAL too slow, could only write 0 of 720 frames
05-01 23:42:47.052 1362-1404/? W/audio_hw_generic: Hardware backing HAL too slow, could only write 0 of 720 frames
05-01 23:42:47.053 1362-1404/? W/audio_hw_generic: Hardware backing HAL too slow, could only write 0 of 720 frames
05-01 23:42:47.069 1362-1404/? W/audio_hw_generic: Hardware backing HAL too slow, could only write 0 of 720 frames
05-01 23:42:47.114 1362-1404/? W/audio_hw_generic: Hardware backing HAL too slow, could only write 0 of 720 frames
05-01 23:42:47.114 1362-1404/? W/audio_hw_generic: Hardware backing HAL too slow, could only write 0 of 720 frames
05-01 23:42:47.133 1362-1404/? W/audio_hw_generic: Hardware backing HAL too slow, could only write 0 of 720 frames
05-01 23:42:47.152 1362-1404/? W/audio_hw_generic: Hardware backing HAL too slow, could only write 0 of 720 frames
05-01 23:42:47.168 1362-1404/? W/audio_hw_generic: Hardware backing HAL too slow, could only write 0 of 720 frames
05-01 23:42:47.184 1362-1404/? W/audio_hw_generic: Hardware backing HAL too slow, could only write 0 of 720 frames
05-01 23:42:47.199 1362-1404/? W/audio_hw_generic: Hardware backing HAL too slow, could only write 0 of 720 frames
05-01 23:42:47.224 1362-1404/? W/audio_hw_generic: Hardware backing HAL too slow, could only write 0 of 720 frames
05-01 23:42:47.224 1362-1404/? W/audio_hw_generic: Hardware backing HAL too slow, could only write 0 of 720 frames
05-01 23:42:47.240 1362-1404/? W/audio_hw_generic: Hardware backing HAL too slow, could only write 0 of 720 frames
05-01 23:42:47.260 1362-1404/? W/audio_hw_generic: Hardware backing HAL too slow, could only write 0 of 720 frames
05-01 23:42:47.271 1362-1404/? W/audio_hw_generic: Hardware backing HAL too slow, could only write 0 of 720 frames
05-01 23:42:47.288 1362-1404/? W/audio_hw_generic: Hardware backing HAL too slow, could only write 0 of 720 frames
05-01 23:42:47.301 1362-1404/? W/audio_hw_generic: Hardware backing HAL too slow, could only write 0 of 720 frames
05-01 23:42:47.303 7010-7041/project03.csc214.techplace D/EGL_emulation: eglMakeCurrent: 0x9c47c6a0: ver 2 0 (tinfo 0x8ed9ca30)
05-01 23:42:47.316 1362-1404/? W/audio_hw_generic: Hardware backing HAL too slow, could only write 0 of 720 frames
05-01 23:42:47.331 1362-1404/? W/audio_hw_generic: Hardware backing HAL too slow, could only write 0 of 720 frames
05-01 23:42:47.346 1362-1404/? W/audio_hw_generic: Hardware backing HAL too slow, could only write 0 of 720 frames
05-01 23:42:47.364 1362-1404/? W/audio_hw_generic: Hardware backing HAL too slow, could only write 0 of 720 frames
05-01 23:42:47.378 1362-1404/? W/audio_hw_generic: Hardware backing HAL too slow, could only write 0 of 720 frames
05-01 23:42:47.392 1362-1404/? W/audio_hw_generic: Hardware backing HAL too slow, could only write 0 of 720 frames
05-01 23:42:47.411 1362-1404/? W/audio_hw_generic: Hardware backing HAL too slow, could only write 0 of 720 frames
05-01 23:42:47.429 1362-1404/? W/audio_hw_generic: Hardware backing HAL too slow, could only write 0 of 720 frames
05-01 23:42:47.436 1362-1404/? W/audio_hw_generic: Hardware backing HAL too slow, could only write 0 of 720 frames
05-01 23:42:47.453 1362-1404/? W/audio_hw_generic: Hardware backing HAL too slow, could only write 0 of 720 frames
05-01 23:42:47.465 1362-1404/? W/audio_hw_generic: Hardware backing HAL too slow, could only write 0 of 720 frames
05-01 23:42:47.467 7010-7010/project03.csc214.techplace W/IInputConnectionWrapper: finishComposingText on inactive InputConnection
05-01 23:42:47.482 1362-1404/? W/audio_hw_generic: Hardware backing HAL too slow, could only write 0 of 720 frames
05-01 23:42:47.495 1362-1404/? W/audio_hw_generic: Hardware backing HAL too slow, could only write 0 of 720 frames
05-01 23:42:47.519 1362-1404/? W/audio_hw_generic: Hardware backing HAL too slow, could only write 0 of 720 frames
05-01 23:42:47.529 1362-1404/? W/audio_hw_generic: Hardware backing HAL too slow, could only write 0 of 720 frames
05-01 23:42:47.543 1362-1404/? W/audio_hw_generic: Hardware backing HAL too slow, could only write 0 of 720 frames
05-01 23:42:47.572 1362-1404/? W/audio_hw_generic: Hardware backing HAL too slow, could only write 0 of 720 frames
05-01 23:42:47.572 1362-1404/? W/audio_hw_generic: Hardware backing HAL too slow, could only write 0 of 720 frames
05-01 23:42:47.575 1711-1740/system_process I/ActivityManager: Displayed project03.csc214.techplace/Views.ProfileActivity: +1s58ms
05-01 23:42:47.588 1362-1404/? W/audio_hw_generic: Hardware backing HAL too slow, could only write 0 of 720 frames
05-01 23:42:47.603 1362-1404/? W/audio_hw_generic: Hardware backing HAL too slow, could only write 0 of 720 frames
05-01 23:42:47.618 1362-1404/? W/audio_hw_generic: Hardware backing HAL too slow, could only write 0 of 720 frames
05-01 23:42:47.634 1362-1404/? W/audio_hw_generic: Hardware backing HAL too slow, could only write 0 of 720 frames
05-01 23:42:47.650 1362-1404/? W/audio_hw_generic: Hardware backing HAL too slow, could only write 0 of 720 frames
05-01 23:42:47.666 1362-1404/? W/audio_hw_generic: Hardware backing HAL too slow, could only write 0 of 720 frames
05-01 23:42:47.678 1362-1404/? W/audio_hw_generic: Hardware backing HAL too slow, could only write 0 of 720 frames
05-01 23:42:47.694 1362-1404/? W/audio_hw_generic: Hardware backing HAL too slow, could only write 0 of 720 frames
05-01 23:42:47.709 1362-1404/? W/audio_hw_generic: Hardware backing HAL too slow, could only write 0 of 720 frames
05-01 23:42:47.723 1362-1404/? W/audio_hw_generic: Hardware backing HAL too slow, could only write 0 of 720 frames
05-01 23:42:47.739 1362-1404/? W/audio_hw_generic: Hardware backing HAL too slow, could only write 0 of 720 frames
05-01 23:42:47.756 1362-1404/? W/audio_hw_generic: Hardware backing HAL too slow, could only write 0 of 720 frames
05-01 23:42:47.769 1362-1404/? W/audio_hw_generic: Hardware backing HAL too slow, could only write 0 of 720 frames
05-01 23:42:47.785 1362-1404/? W/audio_hw_generic: Hardware backing HAL too slow, could only write 0 of 720 frames
05-01 23:42:47.799 1362-1404/? W/audio_hw_generic: Hardware backing HAL too slow, could only write 0 of 720 frames
05-01 23:42:47.813 1362-1404/? W/audio_hw_generic: Hardware backing HAL too slow, could only write 0 of 720 frames
05-01 23:42:47.828 1362-1404/? W/audio_hw_generic: Hardware backing HAL too slow, could only write 0 of 720 frames
05-01 23:42:47.843 1362-1404/? W/audio_hw_generic: Hardware backing HAL too slow, could only write 0 of 720 frames
05-01 23:42:47.863 1362-1404/? W/audio_hw_generic: Hardware backing HAL too slow, could only write 0 of 720 frames
05-01 23:42:47.875 1362-1404/? W/audio_hw_generic: Hardware backing HAL too slow, could only write 0 of 720 frames
05-01 23:42:47.888 1362-1404/? W/audio_hw_generic: Hardware backing HAL too slow, could only write 0 of 720 frames
05-01 23:42:47.904 1362-1404/? W/audio_hw_generic: Hardware backing HAL too slow, could only write 0 of 720 frames
05-01 23:42:47.918 1362-1404/? W/audio_hw_generic: Hardware backing HAL too slow, could only write 0 of 720 frames
05-01 23:42:47.934 1362-1404/? W/audio_hw_generic: Hardware backing HAL too slow, could only write 0 of 720 frames
05-01 23:42:47.949 1362-1404/? W/audio_hw_generic: Hardware backing HAL too slow, could only write 0 of 720 frames
05-01 23:42:47.964 1362-1404/? W/audio_hw_generic: Hardware backing HAL too slow, could only write 0 of 720 frames
05-01 23:42:47.979 1362-1404/? W/audio_hw_generic: Hardware backing HAL too slow, could only write 0 of 720 frames
05-01 23:42:47.994 1362-1404/? W/audio_hw_generic: Hardware backing HAL too slow, could only write 0 of 720 frames
05-01 23:42:48.009 1362-1404/? W/audio_hw_generic: Hardware backing HAL too slow, could only write 0 of 720 frames
05-01 23:42:48.027 1362-1404/? W/audio_hw_generic: Hardware backing HAL too slow, could only write 0 of 720 frames
05-01 23:42:48.052 1362-1404/? W/audio_hw_generic: Hardware backing HAL too slow, could only write 0 of 720 frames
05-01 23:42:48.054 1362-1404/? W/audio_hw_generic: Hardware backing HAL too slow, could only write 0 of 720 frames
05-01 23:42:48.089 1362-1404/? W/audio_hw_generic: Not supplying enough data to HAL, expected position 84452432 , only wrote 84451680
05-01 23:42:48.089 1362-1404/? W/audio_hw_generic: Hardware backing HAL too slow, could only write 0 of 720 frames
05-01 23:42:48.089 1362-1404/? W/audio_hw_generic: Hardware backing HAL too slow, could only write 0 of 720 frames
05-01 23:42:48.106 1362-1404/? W/audio_hw_generic: Hardware backing HAL too slow, could only write 0 of 720 frames
05-01 23:42:48.121 1362-1404/? W/audio_hw_generic: Hardware backing HAL too slow, could only write 0 of 720 frames
05-01 23:42:48.148 1362-1404/? W/audio_hw_generic: Hardware backing HAL too slow, could only write 0 of 720 frames
05-01 23:42:48.151 1362-1404/? W/audio_hw_generic: Hardware backing HAL too slow, could only write 0 of 720 frames
05-01 23:42:48.167 1362-1404/? W/audio_hw_generic: Hardware backing HAL too slow, could only write 0 of 720 frames
05-01 23:42:48.182 1362-1404/? W/audio_hw_generic: Hardware backing HAL too slow, could only write 0 of 720 frames
05-01 23:42:48.196 1362-1404/? W/audio_hw_generic: Hardware backing HAL too slow, could only write 0 of 720 frames
05-01 23:42:48.212 1362-1404/? W/audio_hw_generic: Hardware backing HAL too slow, could only write 0 of 720 frames
05-01 23:42:48.226 1362-1404/? W/audio_hw_generic: Hardware backing HAL too slow, could only write 0 of 720 frames
05-01 23:42:48.243 1362-1404/? W/audio_hw_generic: Hardware backing HAL too slow, could only write 0 of 720 frames
05-01 23:42:48.257 1362-1404/? W/audio_hw_generic: Hardware backing HAL too slow, could only write 0 of 720 frames
05-01 23:42:48.271 1362-1404/? W/audio_hw_generic: Hardware backing HAL too slow, could only write 0 of 720 frames
05-01 23:42:48.287 1362-1404/? W/audio_hw_generic: Hardware backing HAL too slow, could only write 0 of 720 frames
05-01 23:42:48.303 1362-1404/? W/audio_hw_generic: Hardware backing HAL too slow, could only write 0 of 720 frames
05-01 23:42:48.316 1362-1404/? W/audio_hw_generic: Hardware backing HAL too slow, could only write 0 of 720 frames
05-01 23:42:48.332 1362-1404/? W/audio_hw_generic: Hardware backing HAL too slow, could only write 0 of 720 frames
05-01 23:42:48.347 1362-1404/? W/audio_hw_generic: Hardware backing HAL too slow, could only write 0 of 720 frames
05-01 23:42:48.362 1362-1404/? W/audio_hw_generic: Hardware backing HAL too slow, could only write 0 of 720 frames
05-01 23:42:48.376 1362-1404/? W/audio_hw_generic: Hardware backing HAL too slow, could only write 0 of 720 frames
05-01 23:42:48.391 1362-1404/? W/audio_hw_generic: Hardware backing HAL too slow, could only write 0 of 720 frames
05-01 23:42:48.406 1362-1404/? W/audio_hw_generic: Hardware backing HAL too slow, could only write 0 of 720 frames
05-01 23:42:48.421 1362-1404/? W/audio_hw_generic: Hardware backing HAL too slow, could only write 0 of 720 frames
05-01 23:42:48.436 1362-1404/? W/audio_hw_generic: Hardware backing HAL too slow, could only write 0 of 720 frames
05-01 23:42:48.451 1362-1404/? W/audio_hw_generic: Hardware backing HAL too slow, could only write 0 of 720 frames
05-01 23:42:48.466 1362-1404/? W/audio_hw_generic: Hardware backing HAL too slow, could only write 0 of 720 frames
05-01 23:42:48.482 1362-1404/? W/audio_hw_generic: Hardware backing HAL too slow, could only write 0 of 720 frames
05-01 23:42:48.496 1362-1404/? W/audio_hw_generic: Hardware backing HAL too slow, could only write 0 of 720 frames
05-01 23:42:48.511 1362-1404/? W/audio_hw_generic: Hardware backing HAL too slow, could only write 0 of 720 frames
05-01 23:42:48.529 1362-1404/? W/audio_hw_generic: Hardware backing HAL too slow, could only write 0 of 720 frames
05-01 23:42:48.542 1362-1404/? W/audio_hw_generic: Hardware backing HAL too slow, could only write 0 of 720 frames
05-01 23:42:48.556 1362-1404/? W/audio_hw_generic: Hardware backing HAL too slow, could only write 0 of 720 frames
05-01 23:42:48.572 1362-1404/? W/audio_hw_generic: Hardware backing HAL too slow, could only write 0 of 720 frames
05-01 23:42:48.587 1362-1404/? W/audio_hw_generic: Hardware backing HAL too slow, could only write 0 of 720 frames
05-01 23:42:48.602 1362-1404/? W/audio_hw_generic: Hardware backing HAL too slow, could only write 0 of 720 frames
05-01 23:42:48.617 1362-1404/? W/audio_hw_generic: Hardware backing HAL too slow, could only write 0 of 720 frames
05-01 23:42:48.632 1362-1404/? W/audio_hw_generic: Hardware backing HAL too slow, could only write 0 of 720 frames
05-01 23:42:48.661 1362-1404/? W/audio_hw_generic: Hardware backing HAL too slow, could only write 0 of 720 frames
05-01 23:42:48.662 1362-1404/? W/audio_hw_generic: Hardware backing HAL too slow, could only write 0 of 720 frames
05-01 23:42:48.677 1362-1404/? W/audio_hw_generic: Hardware backing HAL too slow, could only write 0 of 720 frames
05-01 23:42:48.693 1362-1404/? W/audio_hw_generic: Hardware backing HAL too slow, could only write 0 of 720 frames
05-01 23:42:48.709 1362-1404/? W/audio_hw_generic: Hardware backing HAL too slow, could only write 0 of 720 frames
05-01 23:42:48.726 1362-1404/? W/audio_hw_generic: Hardware backing HAL too slow, could only write 0 of 720 frames
05-01 23:42:48.738 1362-1404/? W/audio_hw_generic: Hardware backing HAL too slow, could only write 0 of 720 frames
05-01 23:42:48.754 1362-1404/? W/audio_hw_generic: Hardware backing HAL too slow, could only write 0 of 720 frames
05-01 23:42:48.768 1362-1404/? W/audio_hw_generic: Hardware backing HAL too slow, could only write 0 of 720 frames
05-01 23:42:48.786 1362-1404/? W/audio_hw_generic: Hardware backing HAL too slow, could only write 0 of 720 frames
05-01 23:42:48.815 1362-1404/? W/audio_hw_generic: Hardware backing HAL too slow, could only write 0 of 720 frames
05-01 23:42:48.815 1362-1404/? W/audio_hw_generic: Hardware backing HAL too slow, could only write 0 of 720 frames
05-01 23:42:48.833 1362-1404/? W/audio_hw_generic: Hardware backing HAL too slow, could only write 0 of 720 frames
05-01 23:42:48.847 1362-1404/? W/audio_hw_generic: Hardware backing HAL too slow, could only write 0 of 720 frames
05-01 23:42:48.862 1362-1404/? W/audio_hw_generic: Hardware backing HAL too slow, could only write 0 of 720 frames
05-01 23:42:48.877 1362-1404/? W/audio_hw_generic: Hardware backing HAL too slow, could only write 0 of 720 frames
05-01 23:42:48.891 1362-1404/? W/audio_hw_generic: Hardware backing HAL too slow, could only write 0 of 720 frames
05-01 23:42:48.906 1362-1404/? W/audio_hw_generic: Hardware backing HAL too slow, could only write 0 of 720 frames
05-01 23:42:48.921 1362-1404/? W/audio_hw_generic: Hardware backing HAL too slow, could only write 0 of 720 frames
05-01 23:42:48.938 1362-1404/? W/audio_hw_generic: Hardware backing HAL too slow, could only write 0 of 720 frames
05-01 23:42:48.952 1362-1404/? W/audio_hw_generic: Hardware backing HAL too slow, could only write 0 of 720 frames
05-01 23:42:48.967 1362-1404/? W/audio_hw_generic: Hardware backing HAL too slow, could only write 0 of 720 frames
05-01 23:42:48.981 1362-1404/? W/audio_hw_generic: Hardware backing HAL too slow, could only write 0 of 720 frames
05-01 23:42:48.997 1362-1404/? W/audio_hw_generic: Hardware backing HAL too slow, could only write 0 of 720 frames
05-01 23:42:49.012 1362-1404/? W/audio_hw_generic: Hardware backing HAL too slow, could only write 0 of 720 frames
05-01 23:42:49.026 1362-1404/? W/audio_hw_generic: Hardware backing HAL too slow, could only write 0 of 720 frames
05-01 23:42:49.044 1362-1404/? W/audio_hw_generic: Hardware backing HAL too slow, could only write 0 of 720 frames
05-01 23:42:49.056 1362-1404/? W/audio_hw_generic: Hardware backing HAL too slow, could only write 0 of 720 frames
05-01 23:42:49.071 1362-1404/? W/audio_hw_generic: Hardware backing HAL too slow, could only write 0 of 720 frames
05-01 23:42:49.086 1362-1404/? W/audio_hw_generic: Hardware backing HAL too slow, could only write 0 of 720 frames
05-01 23:42:49.102 1362-1404/? W/audio_hw_generic: Hardware backing HAL too slow, could only write 0 of 720 frames
05-01 23:42:49.117 1362-1404/? W/audio_hw_generic: Hardware backing HAL too slow, could only write 0 of 720 frames
05-01 23:42:49.131 1362-1404/? W/audio_hw_generic: Hardware backing HAL too slow, could only write 0 of 720 frames
05-01 23:42:49.146 1362-1404/? W/audio_hw_generic: Hardware backing HAL too slow, could only write 0 of 720 frames
05-01 23:42:49.162 1362-1404/? W/audio_hw_generic: Hardware backing HAL too slow, could only write 0 of 720 frames
05-01 23:42:49.177 1362-1404/? W/audio_hw_generic: Hardware backing HAL too slow, could only write 0 of 720 frames
05-01 23:42:49.192 1362-1404/? W/audio_hw_generic: Hardware backing HAL too slow, could only write 0 of 720 frames
05-01 23:42:49.208 1362-1404/? W/audio_hw_generic: Hardware backing HAL too slow, could only write 0 of 720 frames
05-01 23:42:49.222 1362-1404/? W/audio_hw_generic: Hardware backing HAL too slow, could only write 0 of 720 frames
05-01 23:42:49.236 1362-1404/? W/audio_hw_generic: Hardware backing HAL too slow, could only write 0 of 720 frames
05-01 23:42:49.251 1362-1404/? W/audio_hw_generic: Hardware backing HAL too slow, could only write 0 of 720 frames
05-01 23:42:49.266 1362-1404/? W/audio_hw_generic: Hardware backing HAL too slow, could only write 0 of 720 frames
05-01 23:42:49.282 1362-1404/? W/audio_hw_generic: Hardware backing HAL too slow, could only write 0 of 720 frames
05-01 23:42:49.296 1362-1404/? W/audio_hw_generic: Hardware backing HAL too slow, could only write 0 of 720 frames
05-01 23:42:49.311 1362-1404/? W/audio_hw_generic: Hardware backing HAL too slow, could only write 0 of 720 frames
05-01 23:42:49.327 1362-1404/? W/audio_hw_generic: Hardware backing HAL too slow, could only write 0 of 720 frames
05-01 23:42:49.343 1362-1404/? W/audio_hw_generic: Hardware backing HAL too slow, could only write 0 of 720 frames
05-01 23:42:49.357 1362-1404/? W/audio_hw_generic: Hardware backing HAL too slow, could only write 0 of 720 frames
05-01 23:42:49.372 1362-1404/? W/audio_hw_generic: Hardware backing HAL too slow, could only write 0 of 720 frames
05-01 23:42:49.386 1362-1404/? W/audio_hw_generic: Hardware backing HAL too slow, could only write 0 of 720 frames
05-01 23:42:49.401 1362-1404/? W/audio_hw_generic: Hardware backing HAL too slow, could only write 0 of 720 frames
05-01 23:42:49.416 1362-1404/? W/audio_hw_generic: Hardware backing HAL too slow, could only write 0 of 720 frames
05-01 23:42:49.431 1362-1404/? W/audio_hw_generic: Hardware backing HAL too slow, could only write 0 of 720 frames
05-01 23:42:49.447 1362-1404/? W/audio_hw_generic: Hardware backing HAL too slow, could only write 0 of 720 frames
05-01 23:42:49.461 1362-1404/? W/audio_hw_generic: Hardware backing HAL too slow, could only write 0 of 720 frames
05-01 23:42:49.476 1362-1404/? W/audio_hw_generic: Hardware backing HAL too slow, could only write 0 of 720 frames
05-01 23:42:49.491 1362-1404/? W/audio_hw_generic: Hardware backing HAL too slow, could only write 0 of 720 frames
05-01 23:42:49.506 1362-1404/? W/audio_hw_generic: Hardware backing HAL too slow, could only write 0 of 720 frames
05-01 23:42:49.521 1362-1404/? W/audio_hw_generic: Hardware backing HAL too slow, could only write 0 of 720 frames
05-01 23:42:49.536 1362-1404/? W/audio_hw_generic: Hardware backing HAL too slow, could only write 0 of 720 frames
05-01 23:42:49.551 1362-1404/? W/audio_hw_generic: Hardware backing HAL too slow, could only write 0 of 720 frames
05-01 23:42:49.566 1362-1404/? W/audio_hw_generic: Hardware backing HAL too slow, could only write 0 of 720 frames
05-01 23:42:49.583 1362-1404/? W/audio_hw_generic: Hardware backing HAL too slow, could only write 0 of 720 frames
05-01 23:42:49.596 1362-1404/? W/audio_hw_generic: Hardware backing HAL too slow, could only write 0 of 720 frames
05-01 23:42:49.611 1362-1404/? W/audio_hw_generic: Hardware backing HAL too slow, could only write 0 of 720 frames
05-01 23:42:49.627 1362-1404/? W/audio_hw_generic: Hardware backing HAL too slow, could only write 0 of 720 frames
05-01 23:42:49.641 1362-1404/? W/audio_hw_generic: Hardware backing HAL too slow, could only write 0 of 720 frames
05-01 23:42:49.663 1362-1405/? W/audio_hw_generic: Not supplying enough data to HAL, expected position 84601954 , only wrote 84527280
05-01 23:42:56.481 1362-1401/? E/audio_hw_generic: pcm_write failed cannot write stream data: I/O error
05-01 23:43:00.012 2347-2347/com.google.android.googlequicksearchbox:search I/MemoryTrimmer: Trimming objects from memory, since app is in the background.
05-01 23:43:00.027 20081-20116/com.android.systemui D/EGL_emulation: eglMakeCurrent: 0xabb848a0: ver 2 0 (tinfo 0xabb837e0)
05-01 23:43:03.903 2347-2347/com.google.android.googlequicksearchbox:search I/GrammarCompilationSvcCt: #startService for null, APP_NAMES.
05-01 23:43:03.910 2347-7049/com.google.android.googlequicksearchbox:search I/ContextCompilationHandl: Compiling grammar for: en-US, type=APP_NAMES
05-01 23:43:03.912 2347-7049/com.google.android.googlequicksearchbox:search I/ContextCompilationHandl: No grammar compilation resources for VOICE_ACTIONS_COMPILER, aborting. 
05-01 23:43:03.915 2347-2347/com.google.android.googlequicksearchbox:search I/MemoryTrimmer: Trimming objects from memory, since app is in the background.
05-01 23:44:00.020 2347-2347/com.google.android.googlequicksearchbox:search I/MemoryTrimmer: Trimming objects from memory, since app is in the background.
05-01 23:45:00.008 2347-2347/com.google.android.googlequicksearchbox:search I/MemoryTrimmer: Trimming objects from memory, since app is in the background.
05-01 23:46:00.008 2347-2347/com.google.android.googlequicksearchbox:search I/MemoryTrimmer: Trimming objects from memory, since app is in the background.
05-01 23:46:44.152 1711-1801/system_process D/WifiNative-HAL: Failing getSupportedFeatureset because HAL isn't started
05-01 23:46:44.154 1711-1732/system_process E/BluetoothAdapter: Bluetooth binder is null
05-01 23:46:44.155 1711-1732/system_process E/BatteryStatsService: no controller energy info supplied
05-01 23:46:44.166 1711-1732/system_process E/KernelCpuSpeedReader: Failed to read cpu-freq: /sys/devices/system/cpu/cpu0/cpufreq/stats/time_in_state (No such file or directory)
05-01 23:46:44.166 1711-1732/system_process E/KernelUidCpuTimeReader: Failed to read uid_cputime: /proc/uid_cputime/show_uid_stat (No such file or directory)
05-01 23:46:44.167 1711-1732/system_process E/BatteryStatsService: modem info is invalid: ModemActivityInfo{ mTimestamp=0 mSleepTimeMs=0 mIdleTimeMs=0 mTxTimeMs[]=[0, 0, 0, 0, 0] mRxTimeMs=0 mEnergyUsed=0}
05-01 23:47:00.014 2347-2347/com.google.android.googlequicksearchbox:search I/MemoryTrimmer: Trimming objects from memory, since app is in the background.
05-01 23:48:00.006 2347-2347/com.google.android.googlequicksearchbox:search I/MemoryTrimmer: Trimming objects from memory, since app is in the background.
05-01 23:49:00.007 2347-2347/com.google.android.googlequicksearchbox:search I/MemoryTrimmer: Trimming objects from memory, since app is in the background.
05-01 23:50:00.007 2347-2347/com.google.android.googlequicksearchbox:search I/MemoryTrimmer: Trimming objects from memory, since app is in the background.
05-01 23:50:05.357 2656-7053/com.google.android.gms I/EventLogChimeraService: Aggregate from 1525230636052 (log), 1525230636052 (data)
05-01 23:51:00.022 2347-2347/com.google.android.googlequicksearchbox:search I/MemoryTrimmer: Trimming objects from memory, since app is in the background.
05-01 23:52:00.017 2347-2347/com.google.android.googlequicksearchbox:search I/MemoryTrimmer: Trimming objects from memory, since app is in the background.
05-01 23:52:36.766 2153-2164/com.google.android.gms.persistent I/art: Background sticky concurrent mark sweep GC freed 48274(2MB) AllocSpace objects, 3(60KB) LOS objects, 24% free, 10MB/14MB, paused 1.221ms total 110.297ms
05-01 23:52:41.860 2153-7058/com.google.android.gms.persistent W/Conscrypt: Could not set socket write timeout:
05-01 23:52:41.861 2153-7058/com.google.android.gms.persistent W/Conscrypt:    java.lang.reflect.Method.invoke(Native Method)
05-01 23:52:41.861 2153-7058/com.google.android.gms.persistent W/Conscrypt:    com.google.android.gms.org.conscrypt.Platform.setSocketWriteTimeout(:com.google.android.gms@11947470:13)
05-01 23:52:41.929 2153-7058/com.google.android.gms.persistent W/Conscrypt: Could not set socket write timeout:
05-01 23:52:41.929 2153-7058/com.google.android.gms.persistent W/Conscrypt:    java.lang.reflect.Method.invoke(Native Method)
05-01 23:52:41.929 2153-7058/com.google.android.gms.persistent W/Conscrypt:    com.google.android.gms.org.conscrypt.Platform.setSocketWriteTimeout(:com.google.android.gms@11947470:13)
05-01 23:52:42.113 2153-7058/com.google.android.gms.persistent W/Conscrypt: Could not set socket write timeout:
05-01 23:52:42.113 2153-7058/com.google.android.gms.persistent W/Conscrypt:    java.lang.reflect.Method.invoke(Native Method)
05-01 23:52:42.113 2153-7058/com.google.android.gms.persistent W/Conscrypt:    com.google.android.gms.org.conscrypt.Platform.setSocketWriteTimeout(:com.google.android.gms@11947470:13)
05-01 23:52:42.129 2153-7058/com.google.android.gms.persistent W/Conscrypt: Could not set socket write timeout:
05-01 23:52:42.129 2153-7058/com.google.android.gms.persistent W/Conscrypt:    java.lang.reflect.Method.invoke(Native Method)
05-01 23:52:42.129 2153-7058/com.google.android.gms.persistent W/Conscrypt:    com.google.android.gms.org.conscrypt.Platform.setSocketWriteTimeout(:com.google.android.gms@11947470:13)
05-01 23:52:42.901 7062-7062/? D/AndroidRuntime: >>>>>> START com.android.internal.os.RuntimeInit uid 2000 <<<<<<
05-01 23:52:42.904 7062-7062/? D/AndroidRuntime: CheckJNI is ON
05-01 23:52:42.972 7062-7062/? W/art: Unexpected CPU variant for X86 using defaults: x86
05-01 23:52:42.977 7062-7062/? D/ICU: No timezone override file found: /data/misc/zoneinfo/current/icu/icu_tzdata.dat
05-01 23:52:42.995 7062-7062/? E/memtrack: Couldn't load memtrack module (No such file or directory)
05-01 23:52:42.995 7062-7062/? E/android.os.Debug: failed to load memtrack module: -2
05-01 23:52:42.997 7062-7062/? I/Radio-JNI: register_android_hardware_Radio DONE
05-01 23:52:43.006 7062-7062/? D/AndroidRuntime: Calling main entry com.android.commands.am.Am
05-01 23:52:43.011 1711-2142/system_process I/ActivityManager: Force stopping project03.csc214.techplace appid=10093 user=0: from pid 7062
05-01 23:52:43.011 1711-2142/system_process I/ActivityManager: Killing 7010:project03.csc214.techplace/u0a93 (adj 0): stop project03.csc214.techplace
05-01 23:52:43.012 1711-2142/system_process D/ActivityManager: cleanUpApplicationRecord -- 7010
05-01 23:52:43.017 1711-2142/system_process W/ActivityManager: Force removing ActivityRecord{dbf0bb9 u0 project03.csc214.techplace/Views.ProfileActivity t518}: app died, no saved state
05-01 23:52:43.021 1711-2142/system_process E/JavaBinder: !!! FAILED BINDER TRANSACTION !!!  (parcel size = 56)
05-01 23:52:43.030 1711-1740/system_process E/JavaBinder: !!! FAILED BINDER TRANSACTION !!!  (parcel size = 60)
05-01 23:52:43.046 1711-2142/system_process I/ActivityManager: Start proc 7072:project03.csc214.techplace/u0a93 for activity project03.csc214.techplace/Views.FeedActivity
05-01 23:52:43.051 1711-2142/system_process E/JavaBinder: !!! FAILED BINDER TRANSACTION !!!  (parcel size = 56)
05-01 23:52:43.053 1711-2142/system_process I/ActivityManager:   Force finishing activity ActivityRecord{46470a8 u0 project03.csc214.techplace/Views.MainActivity t518}
05-01 23:52:43.055 7072-7072/? I/art: Not late-enabling -Xcheck:jni (already on)
05-01 23:52:43.061 7072-7072/? W/art: Unexpected CPU variant for X86 using defaults: x86
05-01 23:52:43.063 1711-2144/system_process D/GraphicsStats: Buffer count: 9
05-01 23:52:43.063 1711-1790/system_process W/InputDispatcher: channel 'a514eaa project03.csc214.techplace/Views.MainActivity (server)' ~ Consumer closed input channel or an error occurred.  events=0x9
05-01 23:52:43.063 1711-1790/system_process E/InputDispatcher: channel 'a514eaa project03.csc214.techplace/Views.MainActivity (server)' ~ Channel is unrecoverably broken and will be disposed!
05-01 23:52:43.063 1711-2246/system_process I/WindowManager: WIN DEATH: Window{53b2d81 u0 project03.csc214.techplace/Views.FeedActivity}
05-01 23:52:43.063 1711-1790/system_process W/InputDispatcher: channel '53b2d81 project03.csc214.techplace/Views.FeedActivity (server)' ~ Consumer closed input channel or an error occurred.  events=0x9
05-01 23:52:43.063 1711-1790/system_process E/InputDispatcher: channel '53b2d81 project03.csc214.techplace/Views.FeedActivity (server)' ~ Channel is unrecoverably broken and will be disposed!
05-01 23:52:43.063 1711-2246/system_process W/InputDispatcher: Attempted to unregister already unregistered input channel '53b2d81 project03.csc214.techplace/Views.FeedActivity (server)'
05-01 23:52:43.079 1711-2144/system_process I/WindowManager: WIN DEATH: Window{a514eaa u0 project03.csc214.techplace/Views.MainActivity}
05-01 23:52:43.079 1711-2144/system_process W/InputDispatcher: Attempted to unregister already unregistered input channel 'a514eaa project03.csc214.techplace/Views.MainActivity (server)'
05-01 23:52:43.082 1711-2142/system_process I/ActivityManager:   Force finishing activity ActivityRecord{b683605 u0 project03.csc214.techplace/Views.FeedActivity t518}
05-01 23:52:43.113 1978-1978/com.android.phone D/CarrierSvcBindHelper: No carrier app for: 0
05-01 23:52:43.141 7062-7062/? D/AndroidRuntime: Shutting down VM
05-01 23:52:43.220 7072-7079/project03.csc214.techplace I/art: System.exit called, status: 1
05-01 23:52:43.221 7072-7079/project03.csc214.techplace I/AndroidRuntime: VM exiting with result code 1, cleanup skipped.
05-01 23:52:43.250 18172-7087/com.android.settings D/Index: Indexing locale 'en_US' took 116 millis
05-01 23:52:43.415 1711-2147/system_process I/ActivityManager: Process project03.csc214.techplace (pid 7072) has died
05-01 23:52:43.415 1711-2147/system_process D/ActivityManager: cleanUpApplicationRecord -- 7072
05-01 23:52:43.439 2347-2347/com.google.android.googlequicksearchbox:search I/MemoryTrimmer: Trimming objects from memory, since app is in the background.
05-01 23:52:43.446 1361-1361/? I/Zygote: Process 7072 exited cleanly (1)
05-01 23:52:43.764 7088-7088/? D/AndroidRuntime: >>>>>> START com.android.internal.os.RuntimeInit uid 2000 <<<<<<
05-01 23:52:43.767 7088-7088/? D/AndroidRuntime: CheckJNI is ON
05-01 23:52:43.784 18172-18172/com.android.settings I/Choreographer: Skipped 39 frames!  The application may be doing too much work on its main thread.
05-01 23:52:43.796 18172-18204/com.android.settings I/OpenGLRenderer: Initialized EGL, version 1.4
05-01 23:52:43.796 18172-18204/com.android.settings D/OpenGLRenderer: Swap behavior 1
05-01 23:52:43.796 18172-18204/com.android.settings W/OpenGLRenderer: Failed to choose config with EGL_SWAP_BEHAVIOR_PRESERVED, retrying without...
05-01 23:52:43.796 18172-18204/com.android.settings D/OpenGLRenderer: Swap behavior 0
05-01 23:52:43.829 18172-18204/com.android.settings D/EGL_emulation: eglCreateContext: 0xabb84420: maj 2 min 0 rcv 2
05-01 23:52:43.901 7088-7088/? W/art: Unexpected CPU variant for X86 using defaults: x86
05-01 23:52:43.908 18172-18204/com.android.settings D/EGL_emulation: eglMakeCurrent: 0xabb84420: ver 2 0 (tinfo 0xabb83d60)
05-01 23:52:43.913 7088-7088/? D/ICU: No timezone override file found: /data/misc/zoneinfo/current/icu/icu_tzdata.dat
05-01 23:52:43.956 18172-18204/com.android.settings D/EGL_emulation: eglMakeCurrent: 0xabb84420: ver 2 0 (tinfo 0xabb83d60)
05-01 23:52:43.970 7088-7088/? E/memtrack: Couldn't load memtrack module (No such file or directory)
05-01 23:52:43.970 7088-7088/? E/android.os.Debug: failed to load memtrack module: -2
05-01 23:52:43.972 7088-7088/? I/Radio-JNI: register_android_hardware_Radio DONE
05-01 23:52:43.985 7088-7088/? D/AndroidRuntime: Calling main entry com.android.commands.pm.Pm
05-01 23:52:43.995 7088-7096/? W/MessageQueue: Handler (android.os.Handler) {b1c49c1} sending message to a Handler on a dead thread
                                               java.lang.IllegalStateException: Handler (android.os.Handler) {b1c49c1} sending message to a Handler on a dead thread
                                                   at android.os.MessageQueue.enqueueMessage(MessageQueue.java:543)
                                                   at android.os.Handler.enqueueMessage(Handler.java:643)
                                                   at android.os.Handler.sendMessageAtTime(Handler.java:612)
                                                   at android.os.Handler.sendMessageDelayed(Handler.java:582)
                                                   at android.os.Handler.post(Handler.java:338)
                                                   at android.os.ResultReceiver$MyResultReceiver.send(ResultReceiver.java:57)
                                                   at com.android.internal.os.IResultReceiver$Stub.onTransact(IResultReceiver.java:58)
                                                   at android.os.Binder.execTransact(Binder.java:565)
05-01 23:52:43.996 7088-7088/? I/art: System.exit called, status: 0
05-01 23:52:43.997 7088-7088/? I/AndroidRuntime: VM exiting with result code 0.
05-01 23:52:44.519 1711-1740/system_process W/WindowManager: Failed looking up window
                                                             java.lang.IllegalArgumentException: Requested window android.view.ViewRootImpl$W@efed4ed does not exist
                                                                 at com.android.server.wm.WindowManagerService.windowForClientLocked(WindowManagerService.java:9422)
                                                                 at com.android.server.wm.WindowManagerService.windowForClientLocked(WindowManagerService.java:9413)
                                                                 at com.android.server.wm.WindowManagerService.removeWindow(WindowManagerService.java:2393)
                                                                 at com.android.server.wm.Session.remove(Session.java:202)
                                                                 at android.view.ViewRootImpl.dispatchDetachedFromWindow(ViewRootImpl.java:3290)
                                                                 at android.view.ViewRootImpl.doDie(ViewRootImpl.java:5917)
                                                                 at android.view.ViewRootImpl$ViewRootHandler.handleMessage(ViewRootImpl.java:3626)
                                                                 at android.os.Handler.dispatchMessage(Handler.java:102)
                                                                 at android.os.Looper.loop(Looper.java:154)
                                                                 at android.os.HandlerThread.run(HandlerThread.java:61)
                                                                 at com.android.server.ServiceThread.run(ServiceThread.java:46)
05-01 23:52:44.910 7107-7107/? D/AndroidRuntime: >>>>>> START com.android.internal.os.RuntimeInit uid 2000 <<<<<<
05-01 23:52:44.912 7107-7107/? D/AndroidRuntime: CheckJNI is ON
05-01 23:52:45.012 7107-7107/? W/art: Unexpected CPU variant for X86 using defaults: x86
05-01 23:52:45.019 7107-7107/? D/ICU: No timezone override file found: /data/misc/zoneinfo/current/icu/icu_tzdata.dat
05-01 23:52:45.045 7107-7107/? E/memtrack: Couldn't load memtrack module (No such file or directory)
05-01 23:52:45.045 7107-7107/? E/android.os.Debug: failed to load memtrack module: -2
05-01 23:52:45.048 7107-7107/? I/Radio-JNI: register_android_hardware_Radio DONE
05-01 23:52:45.065 7107-7107/? D/AndroidRuntime: Calling main entry com.android.commands.pm.Pm
05-01 23:52:45.082 7107-7107/? I/art: System.exit called, status: 0
05-01 23:52:45.082 7107-7107/? I/AndroidRuntime: VM exiting with result code 0.
05-01 23:53:00.009 2347-2347/com.google.android.googlequicksearchbox:search I/MemoryTrimmer: Trimming objects from memory, since app is in the background.
05-01 23:54:00.005 2347-2347/com.google.android.googlequicksearchbox:search I/MemoryTrimmer: Trimming objects from memory, since app is in the background.
05-01 23:54:00.023 1711-1729/system_process I/ProcessStatsService: Prepared write state in 10ms
05-01 23:55:00.008 2347-2347/com.google.android.googlequicksearchbox:search I/MemoryTrimmer: Trimming objects from memory, since app is in the background.
05-01 23:56:00.008 2347-2347/com.google.android.googlequicksearchbox:search I/MemoryTrimmer: Trimming objects from memory, since app is in the background.
05-01 23:57:00.008 2347-2347/com.google.android.googlequicksearchbox:search I/MemoryTrimmer: Trimming objects from memory, since app is in the background.