-01 23:42:35.762 1362-1404/? W/audio_hw_generic: Hardware backing HAL too slow, could only write 0 of 720 frames
05-01 23:42:35.778 1362-1404/? W/audio_hw_generic: Hardware backing HAL too slow, could only write 0 of 720 frames
05-01 23:42:35.794 1362-1404/? W/audio_hw_generic: Hardware backing HAL too slow, could only write 0 of 720 frames
05-01 23:42:35.800 7010-7010/project03.csc214.techplace I/Choreographer: Skipped 42 frames!  The application may be doing too much work on its main thread.
05-01 23:42:35.810 1362-1404/? W/audio_hw_generic: Hardware backing HAL too slow, could only write 0 of 720 frames
05-01 23:42:35.824 1362-1404/? W/audio_hw_generic: Hardware backing HAL too slow, could only write 0 of 720 frames
05-01 23:42:35.840 1362-1404/? W/audio_hw_generic: Hardware backing HAL too slow, could only write 0 of 720 frames
05-01 23:42:35.865 1362-1404/? W/audio_hw_generic: Hardware backing HAL too slow, could only write 0 of 720 frames
05-01 23:42:35.868 1362-1404/? W/audio_hw_generic: Hardware backing HAL too slow, could only write 0 of 720 frames
05-01 23:42:35.884 1362-1404/? W/audio_hw_generic: Hardware backing HAL too slow, could only write 0 of 720 frames
05-01 23:42:35.926 1362-1404/? W/audio_hw_generic: Hardware backing HAL too slow, could only write 0 of 720 frames
05-01 23:42:35.926 1362-1404/? W/audio_hw_generic: Not supplying enough data to HAL, expected position 84119308 , only wrote 84119040
05-01 23:42:35.927 1362-1404/? W/audio_hw_generic: Not supplying enough data to HAL, expected position 84119082 , only wrote 84119040
05-01 23:42:35.927 1362-1404/? W/audio_hw_generic: Hardware backing HAL too slow, could only write 0 of 720 frames
05-01 23:42:35.944 1362-1404/? W/audio_hw_generic: Not supplying enough data to HAL, expected position 84119836 , only wrote 84119760
05-01 23:42:35.944 1362-1404/? W/audio_hw_generic: Hardware backing HAL too slow, could only write 0 of 720 frames
05-01 23:42:35.944 1362-1404/? W/audio_hw_generic: Hardware backing HAL too slow, could only write 0 of 720 frames
05-01 23:42:35.964 1362-1404/? W/audio_hw_generic: Hardware backing HAL too slow, could only write 0 of 720 frames
05-01 23:42:35.980 1362-1404/? W/audio_hw_generic: Hardware backing HAL too slow, could only write 0 of 720 frames
05-01 23:42:36.006 1362-1404/? W/audio_hw_generic: Hardware backing HAL too slow, could only write 0 of 720 frames
05-01 23:42:36.012 1362-1404/? W/audio_hw_generic: Hardware backing HAL too slow, could only write 0 of 720 frames
05-01 23:42:36.037 1362-1404/? W/audio_hw_generic: Hardware backing HAL too slow, could only write 0 of 720 frames
05-01 23:42:36.046 1362-1404/? W/audio_hw_generic: Hardware backing HAL too slow, could only write 0 of 720 frames
05-01 23:42:36.057 1362-1404/? W/audio_hw_generic: Hardware backing HAL too slow, could only write 0 of 720 frames
05-01 23:42:36.079 1362-1404/? W/audio_hw_generic: Hardware backing HAL too slow, could only write 0 of 720 frames
05-01 23:42:36.085 1362-1404/? W/audio_hw_generic: Hardware backing HAL too slow, could only write 0 of 720 frames
05-01 23:42:36.100 1362-1404/? W/audio_hw_generic: Hardware backing HAL too slow, could only write 0 of 720 frames
05-01 23:42:36.116 1362-1404/? W/audio_hw_generic: Hardware backing HAL too slow, could only write 0 of 720 frames
05-01 23:42:36.130 1362-1404/? W/audio_hw_generic: Hardware backing HAL too slow, could only write 0 of 720 frames
05-01 23:42:36.145 1362-1404/? W/audio_hw_generic: Hardware backing HAL too slow, could only write 0 of 720 frames
05-01 23:42:36.162 1362-1404/? W/audio_hw_generic: Hardware backing HAL too slow, could only write 0 of 720 frames
05-01 23:42:36.172 7010-7010/project03.csc214.techplace I/ViewConfigCompat: Could not find method getScaledScrollFactor() on ViewConfiguration
05-01 23:42:36.175 1362-1404/? W/audio_hw_generic: Hardware backing HAL too slow, could only write 0 of 720 frames
05-01 23:42:36.189 1362-1404/? W/audio_hw_generic: Hardware backing HAL too slow, could only write 0 of 720 frames
05-01 23:42:36.206 1362-1404/? W/audio_hw_generic: Hardware backing HAL too slow, could only write 0 of 720 frames
05-01 23:42:36.220 1362-1404/? W/audio_hw_generic: Hardware backing HAL too slow, could only write 0 of 720 frames
05-01 23:42:36.235 1362-1404/? W/audio_hw_generic: Hardware backing HAL too slow, could only write 0 of 720 frames
05-01 23:42:36.251 1362-1404/? W/audio_hw_generic: Hardware backing HAL too slow, could only write 0 of 720 frames
05-01 23:42:36.265 1362-1404/? W/audio_hw_generic: Hardware backing HAL too slow, could only write 0 of 720 frames
05-01 23:42:36.280 1362-1404/? W/audio_hw_generic: Hardware backing HAL too slow, could only write 0 of 720 frames
05-01 23:42:36.295 1362-1404/? W/audio_hw_generic: Hardware backing HAL too slow, could only write 0 of 720 frames
05-01 23:42:36.309 1362-1404/? W/audio_hw_generic: Hardware backing HAL too slow, could only write 0 of 720 frames
05-01 23:42:36.324 1362-1404/? W/audio_hw_generic: Hardware backing HAL too slow, could only write 0 of 720 frames
05-01 23:42:36.339 1362-1404/? W/audio_hw_generic: Hardware backing HAL too slow, could only write 0 of 720 frames
05-01 23:42:36.354 1362-1404/? W/audio_hw_generic: Hardware backing HAL too slow, could only write 0 of 720 frames
05-01 23:42:36.370 1362-1404/? W/audio_hw_generic: Hardware backing HAL too slow, could only write 0 of 720 frames
05-01 23:42:36.386 1362-1404/? W/audio_hw_generic: Hardware backing HAL too slow, could only write 0 of 720 frames
05-01 23:42:36.400 1362-1404/? W/audio_hw_generic: Hardware backing HAL too slow, could only write 0 of 720 frames
05-01 23:42:36.415 1362-1404/? W/audio_hw_generic: Hardware backing HAL too slow, could only write 0 of 720 frames
05-01 23:42:36.433 1362-1404/? W/audio_hw_generic: Hardware backing HAL too slow, could only write 0 of 720 frames
05-01 23:42:36.445 1362-1404/? W/audio_hw_generic: Hardware backing HAL too slow, could only write 0 of 720 frames
05-01 23:42:36.460 1362-1404/? W/audio_hw_generic: Hardware backing HAL too slow, could only write 0 of 720 frames
05-01 23:42:36.475 1362-1404/? W/audio_hw_generic: Hardware backing HAL too slow, could only write 0 of 720 frames
05-01 23:42:36.490 1362-1404/? W/audio_hw_generic: Hardware backing HAL too slow, could only write 0 of 720 frames
05-01 23:42:36.505 1362-1404/? W/audio_hw_generic: Hardware backing HAL too slow, could only write 0 of 720 frames
05-01 23:42:36.521 1362-1404/? W/audio_hw_generic: Hardware backing HAL too slow, could only write 0 of 720 frames
05-01 23:42:36.535 1362-1404/? W/audio_hw_generic: Hardware backing HAL too slow, could only write 0 of 720 frames
05-01 23:42:36.550 1362-1404/? W/audio_hw_generic: Hardware backing HAL too slow, could only write 0 of 720 frames
05-01 23:42:36.566 1362-1404/? W/audio_hw_generic: Hardware backing HAL too slow, could only write 0 of 720 frames
05-01 23:42:36.580 1362-1404/? W/audio_hw_generic: Hardware backing HAL too slow, could only write 0 of 720 frames
05-01 23:42:36.609 1362-1404/? W/audio_hw_generic: Hardware backing HAL too slow, could only write 0 of 720 frames
05-01 23:42:36.611 1362-1404/? W/audio_hw_generic: Hardware backing HAL too slow, could only write 0 of 720 frames
05-01 23:42:36.627 1362-1404/? W/audio_hw_generic: Hardware backing HAL too slow, could only write 0 of 720 frames
05-01 23:42:36.642 1362-1404/? W/audio_hw_generic: Hardware backing HAL too slow, could only write 0 of 720 frames
05-01 23:42:36.657 1362-1404/? W/audio_hw_generic: Hardware backing HAL too slow, could only write 0 of 720 frames
05-01 23:42:36.679 1362-1404/? W/audio_hw_generic: Hardware backing HAL too slow, could only write 0 of 720 frames
05-01 23:42:36.692 1362-1404/? W/audio_hw_generic: Hardware backing HAL too slow, could only write 0 of 720 frames
05-01 23:42:36.718 1362-1404/? W/audio_hw_generic: Hardware backing HAL too slow, could only write 0 of 720 frames
05-01 23:42:36.719 1362-1404/? W/audio_hw_generic: Hardware backing HAL too slow, could only write 0 of 720 frames
05-01 23:42:36.758 1362-1404/? W/audio_hw_generic: Not supplying enough data to HAL, expected position 84158831 , only wrote 84157920
05-01 23:42:36.758 1362-1404/? W/audio_hw_generic: Not supplying enough data to HAL, expected position 84157952 , only wrote 84157920
05-01 23:42:36.758 1362-1404/? W/audio_hw_generic: Hardware backing HAL too slow, could only write 0 of 720 frames
05-01 23:42:36.773 1362-1404/? W/audio_hw_generic: Hardware backing HAL too slow, could only write 0 of 720 frames
05-01 23:42:36.773 1362-1404/? W/audio_hw_generic: Hardware backing HAL too slow, could only write 0 of 720 frames
05-01 23:42:36.792 1362-1404/? W/audio_hw_generic: Hardware backing HAL too slow, could only write 0 of 720 frames
05-01 23:42:36.811 1362-1404/? W/audio_hw_generic: Hardware backing HAL too slow, could only write 0 of 720 frames
05-01 23:42:36.826 1362-1404/? W/audio_hw_generic: Hardware backing HAL too slow, could only write 0 of 720 frames
05-01 23:42:36.828 1711-1740/system_process W/art: Long monitor contention with owner Binder:1711_E (5116) at int com.android.server.wm.WindowManagerService.relayoutWindow(com.android.server.wm.Session, android.view.IWindow, int, android.view.WindowManager$LayoutParams, int, int, int, int, android.graphics.Rect, android.graphics.Rect, android.graphics.Rect, android.graphics.Rect, android.graphics.Rect, android.graphics.Rect, android.graphics.Rect, android.content.res.Configuration, android.view.Surface)(WindowManagerService.java:2857) waiters=0 in void com.android.server.wm.WindowAnimator$1.doFrame(long) for 159ms
05-01 23:42:36.843 1362-1404/? W/audio_hw_generic: Hardware backing HAL too slow, could only write 0 of 720 frames
05-01 23:42:36.855 1362-1404/? W/audio_hw_generic: Hardware backing HAL too slow, could only write 0 of 720 frames
05-01 23:42:36.864 1362-1404/? W/audio_hw_generic: Hardware backing HAL too slow, could only write 0 of 720 frames
05-01 23:42:36.894 1362-1404/? W/audio_hw_generic: Hardware backing HAL too slow, could only write 0 of 720 frames
05-01 23:42:36.894 1362-1404/? W/audio_hw_generic: Hardware backing HAL too slow, could only write 0 of 720 frames
05-01 23:42:36.910 1362-1404/? W/audio_hw_generic: Hardware backing HAL too slow, could only write 0 of 720 frames
05-01 23:42:36.937 1362-1404/? W/audio_hw_generic: Hardware backing HAL too slow, could only write 0 of 720 frames
05-01 23:42:36.955 1362-1404/? W/audio_hw_generic: Hardware backing HAL too slow, could only write 0 of 720 frames
05-01 23:42:36.959 1362-1404/? W/audio_hw_generic: Hardware backing HAL too slow, could only write 0 of 720 frames
05-01 23:42:36.983 1362-1404/? W/audio_hw_generic: Hardware backing HAL too slow, could only write 0 of 720 frames
05-01 23:42:37.002 1362-1404/? W/audio_hw_generic: Hardware backing HAL too slow, could only write 0 of 720 frames
05-01 23:42:37.013 1362-1404/? W/audio_hw_generic: Hardware backing HAL too slow, could only write 0 of 720 frames
05-01 23:42:37.060 1362-1404/? W/audio_hw_generic: Hardware backing HAL too slow, could only write 0 of 720 frames
05-01 23:42:37.061 1362-1404/? W/audio_hw_generic: Not supplying enough data to HAL, expected position 84172431 , only wrote 84171600
05-01 23:42:37.099 1362-1404/? W/audio_hw_generic: Not supplying enough data to HAL, expected position 84171609 , only wrote 84171600
05-01 23:42:37.099 1362-1404/? W/audio_hw_generic: Hardware backing HAL too slow, could only write 0 of 720 frames
05-01 23:42:37.100 1362-1404/? W/audio_hw_generic: Not supplying enough data to HAL, expected position 84173457 , only wrote 84172320
05-01 23:42:37.100 1362-1404/? W/audio_hw_generic: Not supplying enough data to HAL, expected position 84172342 , only wrote 84172320
05-01 23:42:37.100 1362-1404/? W/audio_hw_generic: Hardware backing HAL too slow, could only write 0 of 720 frames
05-01 23:42:37.121 1362-1404/? W/audio_hw_generic: Not supplying enough data to HAL, expected position 84173318 , only wrote 84173040
05-01 23:42:37.121 1362-1404/? W/audio_hw_generic: Hardware backing HAL too slow, could only write 0 of 720 frames
05-01 23:42:37.121 1362-1404/? W/audio_hw_generic: Hardware backing HAL too slow, could only write 0 of 720 frames
05-01 23:42:37.140 1362-1404/? W/audio_hw_generic: Hardware backing HAL too slow, could only write 0 of 720 frames
05-01 23:42:37.156 1362-1404/? W/audio_hw_generic: Hardware backing HAL too slow, could only write 0 of 720 frames
05-01 23:42:37.170 1362-1404/? W/audio_hw_generic: Hardware backing HAL too slow, could only write 0 of 720 frames
05-01 23:42:37.187 1362-1404/? W/audio_hw_generic: Hardware backing HAL too slow, could only write 0 of 720 frames
05-01 23:42:37.203 1362-1404/? W/audio_hw_generic: Hardware backing HAL too slow, could only write 0 of 720 frames
05-01 23:42:37.218 1362-1404/? W/audio_hw_generic: Hardware backing HAL too slow, could only write 0 of 720 frames
05-01 23:42:37.232 1362-1404/? W/audio_hw_generic: Hardware backing HAL too slow, could only write 0 of 720 frames
05-01 23:42:37.249 1362-1404/? W/audio_hw_generic: Hardware backing HAL too slow, could only write 0 of 720 frames
05-01 23:42:37.269 1362-1404/? W/audio_hw_generic: Hardware backing HAL too slow, could only write 0 of 720 frames
05-01 23:42:37.282 1362-1404/? W/audio_hw_generic: Hardware backing HAL too slow, could only write 0 of 720 frames
05-01 23:42:37.291 1362-1404/? W/audio_hw_generic: Hardware backing HAL too slow, could only write 0 of 720 frames
05-01 23:42:37.309 1362-1404/? W/audio_hw_generic: Hardware backing HAL too slow, could only write 0 of 720 frames
05-01 23:42:37.323 1362-1404/? W/audio_hw_generic: Hardware backing HAL too slow, could only write 0 of 720 frames
05-01 23:42:37.335 1362-1404/? W/audio_hw_generic: Hardware backing HAL too slow, could only write 0 of 720 frames
05-01 23:42:37.350 1362-1404/? W/audio_hw_generic: Hardware backing HAL too slow, could only write 0 of 720 frames
05-01 23:42:37.365 1362-1404/? W/audio_hw_generic: Hardware backing HAL too slow, could only write 0 of 720 frames
05-01 23:42:37.383 1362-1404/? W/audio_hw_generic: Hardware backing HAL too slow, could only write 0 of 720 frames
05-01 23:42:37.397 1362-1404/? W/audio_hw_generic: Hardware backing HAL too slow, could only write 0 of 720 frames
05-01 23:42:37.414 1362-1404/? W/audio_hw_generic: Hardware backing HAL too slow, could only write 0 of 720 frames
05-01 23:42:37.434 1362-1404/? W/audio_hw_generic: Hardware backing HAL too slow, could only write 0 of 720 frames
05-01 23:42:37.441 1362-1404/? W/audio_hw_generic: Hardware backing HAL too slow, could only write 0 of 720 frames
05-01 23:42:37.460 1362-1404/? W/audio_hw_generic: Hardware backing HAL too slow, could only write 0 of 720 frames
05-01 23:42:37.474 1362-1404/? W/audio_hw_generic: Hardware backing HAL too slow, could only write 0 of 720 frames
05-01 23:42:37.485 1362-1404/? W/audio_hw_generic: Hardware backing HAL too slow, could only write 0 of 720 frames
05-01 23:42:37.501 1362-1404/? W/audio_hw_generic: Hardware backing HAL too slow, could only write 0 of 720 frames
05-01 23:42:37.520 1362-1404/? W/audio_hw_generic: Hardware backing HAL too slow, could only write 0 of 720 frames
05-01 23:42:37.534 1362-1404/? W/audio_hw_generic: Hardware backing HAL too slow, could only write 0 of 720 frames
05-01 23:42:37.557 7010-7014/project03.csc214.techplace I/art: Do partial code cache collection, code=24KB, data=31KB
05-01 23:42:37.558 1362-1404/? W/audio_hw_generic: Hardware backing HAL too slow, could only write 0 of 720 frames
05-01 23:42:37.560 1362-1404/? W/audio_hw_generic: Hardware backing HAL too slow, could only write 0 of 720 frames
05-01 23:42:37.575 1362-1404/? W/audio_hw_generic: Hardware backing HAL too slow, could only write 0 of 720 frames
05-01 23:42:37.575 7010-7014/project03.csc214.techplace I/art: After code cache collection, code=24KB, data=31KB
05-01 23:42:37.575 7010-7014/project03.csc214.techplace I/art: Increasing code cache capacity to 128KB
05-01 23:42:37.591 1362-1404/? W/audio_hw_generic: Hardware backing HAL too slow, could only write 0 of 720 frames
05-01 23:42:37.605 1362-1404/? W/audio_hw_generic: Hardware backing HAL too slow, could only write 0 of 720 frames
05-01 23:42:37.614 7010-7010/project03.csc214.techplace I/Choreographer: Skipped 108 frames!  The application may be doing too much work on its main thread.
05-01 23:42:37.621 1362-1404/? W/audio_hw_generic: Hardware backing HAL too slow, could only write 0 of 720 frames
05-01 23:42:37.636 1362-1404/? W/audio_hw_generic: Hardware backing HAL too slow, could only write 0 of 720 frames
05-01 23:42:37.643 7010-7041/project03.csc214.techplace D/EGL_emulation: eglMakeCurrent: 0x9c47c6a0: ver 2 0 (tinfo 0x8ed9ca30)
05-01 23:42:37.655 1362-1404/? W/audio_hw_generic: Hardware backing HAL too slow, could only write 0 of 720 frames
05-01 23:42:37.772 1362-1404/? W/audio_hw_generic: Hardware backing HAL too slow, could only write 0 of 720 frames
05-01 23:42:37.773 1362-1404/? W/audio_hw_generic: Not supplying enough data to HAL, expected position 84204326 , only wrote 84200400
05-01 23:42:37.773 1362-1404/? W/audio_hw_generic: Not supplying enough data to HAL, expected position 84200415 , only wrote 84200400
05-01 23:42:37.773 1362-1404/? W/audio_hw_generic: Hardware backing HAL too slow, could only write 0 of 720 frames
05-01 23:42:37.792 1362-1404/? W/audio_hw_generic: Not supplying enough data to HAL, expected position 84201329 , only wrote 84201120
05-01 23:42:37.792 1362-1404/? W/audio_hw_generic: Hardware backing HAL too slow, could only write 0 of 720 frames
05-01 23:42:37.792 1362-1404/? W/audio_hw_generic: Hardware backing HAL too slow, could only write 0 of 720 frames
05-01 23:42:37.809 1362-1404/? W/audio_hw_generic: Hardware backing HAL too slow, could only write 0 of 720 frames
05-01 23:42:37.826 1362-1404/? W/audio_hw_generic: Hardware backing HAL too slow, could only write 0 of 720 frames
05-01 23:42:37.840 1362-1404/? W/audio_hw_generic: Hardware backing HAL too slow, could only write 0 of 720 frames
05-01 23:42:37.855 1362-1404/? W/audio_hw_generic: Hardware backing HAL too slow, could only write 0 of 720 frames
05-01 23:42:37.869 1362-1404/? W/audio_hw_generic: Hardware backing HAL too slow, could only write 0 of 720 frames
05-01 23:42:37.884 1362-1404/? W/audio_hw_generic: Hardware backing HAL too slow, could only write 0 of 720 frames
05-01 23:42:37.899 1362-1404/? W/audio_hw_generic: Hardware backing HAL too slow, could only write 0 of 720 frames
05-01 23:42:37.922 1362-1404/? W/audio_hw_generic: Hardware backing HAL too slow, could only write 0 of 720 frames
05-01 23:42:37.929 1362-1404/? W/audio_hw_generic: Hardware backing HAL too slow, could only write 0 of 720 frames
05-01 23:42:37.945 1362-1404/? W/audio_hw_generic: Hardware backing HAL too slow, could only write 0 of 720 frames
05-01 23:42:37.960 1362-1404/? W/audio_hw_generic: Hardware backing HAL too slow, could only write 0 of 720 frames
05-01 23:42:37.975 1362-1404/? W/audio_hw_generic: Hardware backing HAL too slow, could only write 0 of 720 frames
05-01 23:42:37.992 1362-1404/? W/audio_hw_generic: Hardware backing HAL too slow, could only write 0 of 720 frames
05-01 23:42:38.004 1362-1404/? W/audio_hw_generic: Hardware backing HAL too slow, could only write 0 of 720 frames
05-01 23:42:38.019 1362-1404/? W/audio_hw_generic: Hardware backing HAL too slow, could only write 0 of 720 frames
05-01 23:42:38.039 1362-1404/? W/audio_hw_generic: Hardware backing HAL too slow, could only write 0 of 720 frames
05-01 23:42:38.055 1362-1404/? W/audio_hw_generic: Hardware backing HAL too slow, could only write 0 of 720 frames
05-01 23:42:38.066 1362-1404/? W/audio_hw_generic: Hardware backing HAL too slow, could only write 0 of 720 frames
05-01 23:42:38.086 1362-1404/? W/audio_hw_generic: Hardware backing HAL too slow, could only write 0 of 720 frames
05-01 23:42:38.112 1362-1405/? W/audio_hw_generic: Not supplying enough data to HAL, expected position 84230755 , only wrote 84216240
05-01 23:42:38.194 1711-1740/system_process I/ActivityManager: Displayed project03.csc214.techplace/Views.FeedActivity: +3s164ms
05-01 23:42:38.214 7010-7041/project03.csc214.techplace D/EGL_emulation: eglMakeCurrent: 0x9c47c6a0: ver 2 0 (tinfo 0x8ed9ca30)
05-01 23:42:38.310 7010-7010/project03.csc214.techplace I/Choreographer: Skipped 41 frames!  The application may be doing too much work on its main thread.
05-01 23:42:38.344 7010-7041/project03.csc214.techplace D/EGL_emulation: eglMakeCurrent: 0x9c47c6a0: ver 2 0 (tinfo 0x8ed9ca30)
05-01 23:42:38.361 1832-1832/com.android.inputmethod.latin I/LatinIME: Starting input. Cursor position = 0,0
05-01 23:42:38.482 7010-7041/project03.csc214.techplace D/EGL_emulation: eglMakeCurrent: 0x9c47c6a0: ver 2 0 (tinfo 0x8ed9ca30)
05-01 23:42:38.510 7010-7010/project03.csc214.techplace W/IInputConnectionWrapper: finishComposingText on inactive InputConnection
05-01 23:42:38.560 7010-7041/project03.csc214.techplace D/EGL_emulation: eglMakeCurrent: 0x9c47c6a0: ver 2 0 (tinfo 0x8ed9ca30)
05-01 23:42:38.746 7010-7041/project03.csc214.techplace D/EGL_emulation: eglMakeCurrent: 0x9c47c6a0: ver 2 0 (tinfo 0x8ed9ca30)
05-01 23:42:38.890 1832-1832/com.android.inputmethod.latin I/Choreographer: Skipped 34 frames!  The application may be doing too much work on its main thread.
05-01 23:42:40.584 1362-1404/? W/audio_hw_generic: Not supplying enough data to HAL, expected position 84216621 , only wrote 84216240
05-01 23:42:40.584 1362-1404/? W/audio_hw_generic: Hardware backing HAL too slow, could only write 0 of 720 frames
05-01 23:42:40.584 1362-1404/? W/audio_hw_generic: Hardware backing HAL too slow, could only write 0 of 720 frames
05-01 23:42:40.584 1362-1404/? W/audio_hw_generic: Hardware backing HAL too slow, could only write 0 of 720 frames
05-01 23:42:40.608 1362-1404/? W/audio_hw_generic: Hardware backing HAL too slow, could only write 0 of 720 frames
05-01 23:42:40.615 1362-1404/? W/audio_hw_generic: Hardware backing HAL too slow, could only write 0 of 720 frames
05-01 23:42:40.658 1362-1404/? W/audio_hw_generic: Hardware backing HAL too slow, could only write 0 of 720 frames
05-01 23:42:40.658 1362-1404/? W/audio_hw_generic: Hardware backing HAL too slow, could only write 0 of 720 frames
05-01 23:42:40.674 1362-1404/? W/audio_hw_generic: Hardware backing HAL too slow, could only write 0 of 720 frames
05-01 23:42:40.706 1362-1404/? W/audio_hw_generic: Hardware backing HAL too slow, could only write 0 of 720 frames
05-01 23:42:40.706 1362-1404/? W/audio_hw_generic: Hardware backing HAL too slow, could only write 0 of 720 frames
05-01 23:42:40.722 1362-1404/? W/audio_hw_generic: Hardware backing HAL too slow, could only write 0 of 720 frames
05-01 23:42:40.738 1362-1404/? W/audio_hw_generic: Hardware backing HAL too slow, could only write 0 of 720 frames
05-01 23:42:40.754 1362-1404/? W/audio_hw_generic: Hardware backing HAL too slow, could only write 0 of 720 frames
05-01 23:42:40.768 1362-1404/? W/audio_hw_generic: Hardware backing HAL too slow, could only write 0 of 720 frames
05-01 23:42:40.783 1362-1404/? W/audio_hw_generic: Hardware backing HAL too slow, could only write 0 of 720 frames
05-01 23:42:40.814 1362-1404/? W/audio_hw_generic: Hardware backing HAL too slow, could only write 0 of 720 frames
05-01 23:42:40.814 1362-1404/? W/audio_hw_generic: Hardware backing HAL too slow, could only write 0 of 720 frames
05-01 23:42:40.846 1362-1404/? W/audio_hw_generic: Not supplying enough data to HAL, expected position 84228610 , only wrote 84228480
05-01 23:42:40.847 1362-1404/? W/audio_hw_generic: Hardware backing HAL too slow, could only write 0 of 720 frames
05-01 23:42:40.848 1362-1404/? W/audio_hw_generic: Hardware backing HAL too slow, could only write 0 of 720 frames
05-01 23:42:40.897 1362-1404/? W/audio_hw_generic: Not supplying enough data to HAL, expected position 84231135 , only wrote 84229920
05-01 23:42:40.897 1362-1404/? W/audio_hw_generic: Hardware backing HAL too slow, could only write 0 of 720 frames
05-01 23:42:40.897 1362-1404/? W/audio_hw_generic: Hardware backing HAL too slow, could only write 0 of 720 frames
05-01 23:42:40.913 1362-1404/? W/audio_hw_generic: Hardware backing HAL too slow, could only write 0 of 720 frames
05-01 23:42:40.930 1362-1404/? W/audio_hw_generic: Hardware backing HAL too slow, could only write 0 of 720 frames
05-01 23:42:40.945 1362-1404/? W/audio_hw_generic: Hardware backing HAL too slow, could only write 0 of 720 frames
05-01 23:42:40.950 1832-1832/com.android.inputmethod.latin W/InputMethodService: Window size has been changed. This may cause jankiness of resizing window: -1 -> -2
05-01 23:42:40.968 1362-1404/? W/audio_hw_generic: Hardware backing HAL too slow, could only write 0 of 720 frames
05-01 23:42:40.979 1362-1404/? W/audio_hw_generic: Hardware backing HAL too slow, could only write 0 of 720 frames
05-01 23:42:40.992 1362-1404/? W/audio_hw_generic: Hardware backing HAL too slow, could only write 0 of 720 frames
05-01 23:42:40.993 1832-3946/com.android.inputmethod.latin D/EGL_emulation: eglMakeCurrent: 0xabb845a0: ver 2 0 (tinfo 0xabb83ad0)
05-01 23:42:41.006 1362-1404/? W/audio_hw_generic: Hardware backing HAL too slow, could only write 0 of 720 frames
05-01 23:42:41.022 1362-1404/? W/audio_hw_generic: Hardware backing HAL too slow, could only write 0 of 720 frames
05-01 23:42:41.035 1362-1404/? W/audio_hw_generic: Hardware backing HAL too slow, could only write 0 of 720 frames
05-01 23:42:41.052 1362-1404/? W/audio_hw_generic: Hardware backing HAL too slow, could only write 0 of 720 frames
05-01 23:42:41.066 1362-1404/? W/audio_hw_generic: Hardware backing HAL too slow, could only write 0 of 720 frames
05-01 23:42:41.078 1362-1404/? W/audio_hw_generic: Hardware backing HAL too slow, could only write 0 of 720 frames
05-01 23:42:41.098 1362-1404/? W/audio_hw_generic: Hardware backing HAL too slow, could only write 0 of 720 frames
05-01 23:42:41.109 1362-1404/? W/audio_hw_generic: Hardware backing HAL too slow, could only write 0 of 720 frames
05-01 23:42:41.122 1362-1404/? W/audio_hw_generic: Hardware backing HAL too slow, could only write 0 of 720 frames
05-01 23:42:41.138 1362-1404/? W/audio_hw_generic: Hardware backing HAL too slow, could only write 0 of 720 frames
05-01 23:42:41.154 1362-1404/? W/audio_hw_generic: Hardware backing HAL too slow, could only write 0 of 720 frames
05-01 23:42:41.180 1362-1404/? W/audio_hw_generic: Hardware backing HAL too slow, could only write 0 of 720 frames
05-01 23:42:41.184 1362-1404/? W/audio_hw_generic: Hardware backing HAL too slow, could only write 0 of 720 frames
05-01 23:42:41.198 1362-1404/? W/audio_hw_generic: Hardware backing HAL too slow, could only write 0 of 720 frames
05-01 23:42:41.218 1362-1404/? W/audio_hw_generic: Hardware backing HAL too slow, could only write 0 of 720 frames
05-01 23:42:41.232 1362-1404/? W/audio_hw_generic: Hardware backing HAL too slow, could only write 0 of 720 frames
05-01 23:42:41.245 1362-1404/? W/audio_hw_generic: Hardware backing HAL too slow, could only write 0 of 720 frames
05-01 23:42:41.263 1362-1404/? W/audio_hw_generic: Hardware backing HAL too slow, could only write 0 of 720 frames
05-01 23:42:41.274 1362-1404/? W/audio_hw_generic: Hardware backing HAL too slow, could only write 0 of 720 frames
05-01 23:42:41.292 1362-1404/? W/audio_hw_generic: Hardware backing HAL too slow, could only write 0 of 720 frames
05-01 23:42:41.306 1362-1404/? W/audio_hw_generic: Hardware backing HAL too slow, could only write 0 of 720 frames
05-01 23:42:41.322 1362-1404/? W/audio_hw_generic: Hardware backing HAL too slow, could only write 0 of 720 frames
05-01 23:42:41.339 1362-1404/? W/audio_hw_generic: Hardware backing HAL too slow, could only write 0 of 720 frames
05-01 23:42:41.349 1362-1404/? W/audio_hw_generic: Hardware backing HAL too slow, could only write 0 of 720 frames
05-01 23:42:41.370 1362-1404/? W/audio_hw_generic: Hardware backing HAL too slow, could only write 0 of 720 frames
05-01 23:42:41.385 1362-1404/? W/audio_hw_generic: Hardware backing HAL too slow, could only write 0 of 720 frames
05-01 23:42:41.396 1362-1404/? W/audio_hw_generic: Hardware backing HAL too slow, could only write 0 of 720 frames
05-01 23:42:41.409 1362-1404/? W/audio_hw_generic: Hardware backing HAL too slow, could only write 0 of 720 frames
05-01 23:42:41.428 1362-1404/? W/audio_hw_generic: Hardware backing HAL too slow, could only write 0 of 720 frames
05-01 23:42:41.444 1362-1404/? W/audio_hw_generic: Hardware backing HAL too slow, could only write 0 of 720 frames
05-01 23:42:41.455 1362-1404/? W/audio_hw_generic: Hardware backing HAL too slow, could only write 0 of 720 frames
05-01 23:42:41.468 1362-1404/? W/audio_hw_generic: Hardware backing HAL too slow, could only write 0 of 720 frames
05-01 23:42:41.493 1362-1404/? W/audio_hw_generic: Hardware backing HAL too slow, could only write 0 of 720 frames
05-01 23:42:41.498 1362-1404/? W/audio_hw_generic: Hardware backing HAL too slow, could only write 0 of 720 frames
05-01 23:42:41.514 1362-1404/? W/audio_hw_generic: Hardware backing HAL too slow, could only write 0 of 720 frames
05-01 23:42:41.529 1362-1404/? W/audio_hw_generic: Hardware backing HAL too slow, could only write 0 of 720 frames
05-01 23:42:41.544 1362-1404/? W/audio_hw_generic: Hardware backing HAL too slow, could only write 0 of 720 frames
05-01 23:42:41.559 1362-1404/? W/audio_hw_generic: Hardware backing HAL too slow, could only write 0 of 720 frames
05-01 23:42:41.575 1362-1404/? W/audio_hw_generic: Hardware backing HAL too slow, could only write 0 of 720 frames
05-01 23:42:41.588 1362-1404/? W/audio_hw_generic: Hardware backing HAL too slow, could only write 0 of 720 frames
05-01 23:42:41.604 1362-1404/? W/audio_hw_generic: Hardware backing HAL too slow, could only write 0 of 720 frames
05-01 23:42:41.619 1362-1404/? W/audio_hw_generic: Hardware backing HAL too slow, could only write 0 of 720 frames
05-01 23:42:41.633 1362-1404/? W/audio_hw_generic: Hardware backing HAL too slow, could only write 0 of 720 frames
05-01 23:42:41.649 1362-1404/? W/audio_hw_generic: Hardware backing HAL too slow, could only write 0 of 720 frames
05-01 23:42:41.664 1362-1404/? W/audio_hw_generic: Hardware backing HAL too slow, could only write 0 of 720 frames
05-01 23:42:41.678 1362-1404/? W/audio_hw_generic: Hardware backing HAL too slow, could only write 0 of 720 frames
05-01 23:42:41.695 1362-1404/? W/audio_hw_generic: Hardware backing HAL too slow, could only write 0 of 720 frames
05-01 23:42:41.708 1362-1404/? W/audio_hw_generic: Hardware backing HAL too slow, could only write 0 of 720 frames
05-01 23:42:41.723 1362-1404/? W/audio_hw_generic: Hardware backing HAL too slow, could only write 0 of 720 frames
05-01 23:42:41.738 1362-1404/? W/audio_hw_generic: Hardware backing HAL too slow, could only write 0 of 720 frames
05-01 23:42:41.754 1362-1404/? W/audio_hw_generic: Hardware backing HAL too slow, could only write 0 of 720 frames
05-01 23:42:41.769 1362-1404/? W/audio_hw_generic: Hardware backing HAL too slow, could only write 0 of 720 frames
05-01 23:42:41.783 1362-1404/? W/audio_hw_generic: Hardware backing HAL too slow, could only write 0 of 720 frames
05-01 23:42:41.799 1362-1404/? W/audio_hw_generic: Hardware backing HAL too slow, could only write 0 of 720 frames
05-01 23:42:41.814 1362-1404/? W/audio_hw_generic: Hardware backing HAL too slow, could only write 0 of 720 frames
05-01 23:42:41.828 1362-1404/? W/audio_hw_generic: Hardware backing HAL too slow, could only write 0 of 720 frames
05-01 23:42:41.845 1362-1404/? W/audio_hw_generic: Hardware backing HAL too slow, could only write 0 of 720 frames
05-01 23:42:41.859 1362-1404/? W/audio_hw_generic: Hardware backing HAL too slow, could only write 0 of 720 frames
05-01 23:42:41.876 1362-1404/? W/audio_hw_generic: Hardware backing HAL too slow, could only write 0 of 720 frames
05-01 23:42:41.898 1362-1404/? W/audio_hw_generic: Hardware backing HAL too slow, could only write 0 of 720 frames
05-01 23:42:41.906 1362-1404/? W/audio_hw_generic: Hardware backing HAL too slow, could only write 0 of 720 frames
05-01 23:42:41.919 1362-1404/? W/audio_hw_generic: Hardware backing HAL too slow, could only write 0 of 720 frames
05-01 23:42:41.933 1362-1404/? W/audio_hw_generic: Hardware backing HAL too slow, could only write 0 of 720 frames
05-01 23:42:41.949 1362-1404/? W/audio_hw_generic: Hardware backing HAL too slow, could only write 0 of 720 frames
05-01 23:42:41.963 1362-1404/? W/audio_hw_generic: Hardware backing HAL too slow, could only write 0 of 720 frames
05-01 23:42:41.980 1362-1404/? W/audio_hw_generic: Hardware backing HAL too slow, could only write 0 of 720 frames
05-01 23:42:41.993 1362-1404/? W/audio_hw_generic: Hardware backing HAL too slow, could only write 0 of 720 frames
05-01 23:42:42.009 1362-1404/? W/audio_hw_generic: Hardware backing HAL too slow, could only write 0 of 720 frames
05-01 23:42:42.024 1362-1404/? W/audio_hw_generic: Hardware backing HAL too slow, could only write 0 of 720 frames
05-01 23:42:42.039 1362-1404/? W/audio_hw_generic: Hardware backing HAL too slow, could only write 0 of 720 frames
05-01 23:42:42.053 1362-1404/? W/audio_hw_generic: Hardware backing HAL too slow, could only write 0 of 720 frames
05-01 23:42:42.071 1362-1404/? W/audio_hw_generic: Hardware backing HAL too slow, could only write 0 of 720 frames
05-01 23:42:42.083 1362-1404/? W/audio_hw_generic: Hardware backing HAL too slow, could only write 0 of 720 frames
05-01 23:42:42.099 1362-1404/? W/audio_hw_generic: Hardware backing HAL too slow, could only write 0 of 720 frames
05-01 23:42:42.114 1362-1404/? W/audio_hw_generic: Hardware backing HAL too slow, could only write 0 of 720 frames
05-01 23:42:42.128 1362-1404/? W/audio_hw_generic: Hardware backing HAL too slow, could only write 0 of 720 frames
05-01 23:42:42.143 1362-1404/? W/audio_hw_generic: Hardware backing HAL too slow, could only write 0 of 720 frames
05-01 23:42:42.159 1362-1404/? W/audio_hw_generic: Hardware backing HAL too slow, could only write 0 of 720 frames
05-01 23:42:42.174 1362-1404/? W/audio_hw_generic: Hardware backing HAL too slow, could only write 0 of 720 frames
05-01 23:42:42.189 1362-1404/? W/audio_hw_generic: Hardware backing HAL too slow, could only write 0 of 720 frames
05-01 23:42:42.203 1362-1404/? W/audio_hw_generic: Hardware backing HAL too slow, could only write 0 of 720 frames
05-01 23:42:42.220 1362-1404/? W/audio_hw_generic: Hardware backing HAL too slow, could only write 0 of 720 frames
05-01 23:42:42.234 1362-1404/? W/audio_hw_generic: Hardware backing HAL too slow, could only write 0 of 720 frames
05-01 23:42:42.249 1362-1404/? W/audio_hw_generic: Hardware backing HAL too slow, could only write 0 of 720 frames
05-01 23:42:42.264 1362-1404/? W/audio_hw_generic: Hardware backing HAL too slow, could only write 0 of 720 frames
05-01 23:42:42.279 1362-1404/? W/audio_hw_generic: Hardware backing HAL too slow, could only write 0 of 720 frames
05-01 23:42:42.295 1362-1404/? W/audio_hw_generic: Hardware backing HAL too slow, could only write 0 of 720 frames
05-01 23:42:42.310 1362-1404/? W/audio_hw_generic: Hardware backing HAL too slow, could only write 0 of 720 frames
05-01 23:42:42.324 1362-1404/? W/audio_hw_generic: Hardware backing HAL too slow, could only write 0 of 720 frames
05-01 23:42:42.340 1362-1404/? W/audio_hw_generic: Hardware backing HAL too slow, could only write 0 of 720 frames
05-01 23:42:42.353 1362-1404/? W/audio_hw_generic: Hardware backing HAL too slow, could only write 0 of 720 frames
05-01 23:42:42.369 1362-1404/? W/audio_hw_generic: Hardware backing HAL too slow, could only write 0 of 720 frames
05-01 23:42:42.383 1362-1404/? W/audio_hw_generic: Hardware backing HAL too slow, could only write 0 of 720 frames
05-01 23:42:42.399 1362-1404/? W/audio_hw_generic: Hardware backing HAL too slow, could only write 0 of 720 frames
05-01 23:42:42.413 1362-1404/? W/audio_hw_generic: Hardware backing HAL too slow, could only write 0 of 720 frames
05-01 23:42:42.429 1362-1404/? W/audio_hw_generic: Hardware backing HAL too slow, could only write 0 of 720 frames
05-01 23:42:42.443 1362-1404/? W/audio_hw_generic: Hardware backing HAL too slow, could only write 0 of 720 frames
05-01 23:42:42.459 1362-1404/? W/audio_hw_generic: Hardware backing HAL too slow, could only write 0 of 720 frames
05-01 23:42:42.474 1362-1404/? W/audio_hw_generic: Hardware backing HAL too slow, could only write 0 of 720 frames
05-01 23:42:42.491 1362-1404/? W/audio_hw_generic: Hardware backing HAL too slow, could only write 0 of 720 frames
05-01 23:42:42.504 1362-1404/? W/audio_hw_generic: Hardware backing HAL too slow, could only write 0 of 720 frames
05-01 23:42:42.518 1362-1404/? W/audio_hw_generic: Hardware backing HAL too slow, could only write 0 of 720 frames
05-01 23:42:42.533 1362-1404/? W/audio_hw_generic: Hardware backing HAL too slow, could only write 0 of 720 frames
05-01 23:42:42.550 1362-1404/? W/audio_hw_generic: Hardware backing HAL too slow, could only write 0 of 720 frames
05-01 23:42:42.564 1362-1404/? W/audio_hw_generic: Hardware backing HAL too slow, could only write 0 of 720 frames
05-01 23:42:42.578 1362-1404/? W/audio_hw_generic: Hardware backing HAL too slow, could only write 0 of 720 frames
05-01 23:42:42.593 1362-1404/? W/audio_hw_generic: Hardware backing HAL too slow, could only write 0 of 720 frames
05-01 23:42:42.609 1362-1404/? W/audio_hw_generic: Hardware backing HAL too slow, could only write 0 of 720 frames
05-01 23:42:42.625 1362-1404/? W/audio_hw_generic: Hardware backing HAL too slow, could only write 0 of 720 frames
05-01 23:42:42.638 1362-1404/? W/audio_hw_generic: Hardware backing HAL too slow, could only write 0 of 720 frames
05-01 23:42:42.653 1362-1404/? W/audio_hw_generic: Hardware backing HAL too slow, could only write 0 of 720 frames
05-01 23:42:42.669 1362-1404/? W/audio_hw_generic: Hardware backing HAL too slow, could only write 0 of 720 frames
05-01 23:42:42.684 1362-1404/? W/audio_hw_generic: Hardware backing HAL too slow, could only write 0 of 720 frames
05-01 23:42:42.698 1362-1404/? W/audio_hw_generic: Hardware backing HAL too slow, could only write 0 of 720 frames
05-01 23:42:42.713 1362-1404/? W/audio_hw_generic: Hardware backing HAL too slow, could only write 0 of 720 frames
05-01 23:42:42.730 1362-1404/? W/audio_hw_generic: Hardware backing HAL too slow, could only write 0 of 720 frames
05-01 23:42:42.743 1362-1404/? W/audio_hw_generic: Hardware backing HAL too slow, could only write 0 of 720 frames
05-01 23:42:42.758 1362-1404/? W/audio_hw_generic: Hardware backing HAL too slow, could only write 0 of 720 frames
05-01 23:42:42.774 1362-1404/? W/audio_hw_generic: Hardware backing HAL too slow, could only write 0 of 720 frames
05-01 23:42:42.788 1362-1404/? W/audio_hw_generic: Hardware backing HAL too slow, could only write 0 of 720 frames
05-01 23:42:42.803 1362-1404/? W/audio_hw_generic: Hardware backing HAL too slow, could only write 0 of 720 frames
05-01 23:42:42.819 1362-1404/? W/audio_hw_generic: Hardware backing HAL too slow, could only write 0 of 720 frames
05-01 23:42:42.834 1362-1404/? W/audio_hw_generic: Hardware backing HAL too slow, could only write 0 of 720 frames
05-01 23:42:42.848 1362-1404/? W/audio_hw_generic: Hardware backing HAL too slow, could only write 0 of 720 frames
05-01 23:42:42.864 1362-1404/? W/audio_hw_generic: Hardware backing HAL too slow, could only write 0 of 720 frames
05-01 23:42:42.880 1362-1404/? W/audio_hw_generic: Hardware backing HAL too slow, could only write 0 of 720 frames
05-01 23:42:42.893 1362-1404/? W/audio_hw_generic: Hardware backing HAL too slow, could only write 0 of 720 frames
05-01 23:42:42.908 1362-1404/? W/audio_hw_generic: Hardware backing HAL too slow, could only write 0 of 720 frames
05-01 23:42:42.923 1362-1404/? W/audio_hw_generic: Hardware backing HAL too slow, could only write 0 of 720 frames
05-01 23:42:42.939 1362-1404/? W/audio_hw_generic: Hardware backing HAL too slow, could only write 0 of 720 frames
05-01 23:42:42.954 1362-1404/? W/audio_hw_generic: Hardware backing HAL too slow, could only write 0 of 720 frames
05-01 23:42:42.970 1362-1404/? W/audio_hw_generic: Hardware backing HAL too slow, could only write 0 of 720 frames
05-01 23:42:42.984 1362-1404/? W/audio_hw_generic: Hardware backing HAL too slow, could only write 0 of 720 frames
05-01 23:42:42.998 1362-1404/? W/audio_hw_generic: Hardware backing HAL too slow, could only write 0 of 720 frames
05-01 23:42:43.016 1362-1404/? W/audio_hw_generic: Hardware backing HAL too slow, could only write 0 of 720 frames
05-01 23:42:43.029 1362-1404/? W/audio_hw_generic: Hardware backing HAL too slow, could only write 0 of 720 frames
05-01 23:42:43.044 1362-1404/? W/audio_hw_generic: Hardware backing HAL too slow, could only write 0 of 720 frames
05-01 23:42:43.059 1362-1404/? W/audio_hw_generic: Hardware backing HAL too slow, could only write 0 of 720 frames
05-01 23:42:43.073 1362-1404/? W/audio_hw_generic: Hardware backing HAL too slow, could only write 0 of 720 frames
05-01 23:42:43.091 1362-1404/? W/audio_hw_generic: Hardware backing HAL too slow, could only write 0 of 720 frames
05-01 23:42:43.104 1362-1404/? W/audio_hw_generic: Hardware backing HAL too slow, could only write 0 of 720 frames
05-01 23:42:43.119 1362-1404/? W/audio_hw_generic: Hardware backing HAL too slow, could only write 0 of 720 frames
05-01 23:42:43.134 1362-1404/? W/audio_hw_generic: Hardware backing HAL too slow, could only write 0 of 720 frames
05-01 23:42:43.148 1362-1404/? W/audio_hw_generic: Hardware backing HAL too slow, could only write 0 of 720 frames
05-01 23:42:43.165 1362-1404/? W/audio_hw_generic: Hardware backing HAL too slow, could only write 0 of 720 frames
05-01 23:42:43.179 1362-1404/? W/audio_hw_generic: Hardware backing HAL too slow, could only write 0 of 720 frames
05-01 23:42:43.194 1362-1404/? W/audio_hw_generic: Hardware backing HAL too slow, could only write 0 of 720 frames
05-01 23:42:43.208 1362-1404/? W/audio_hw_generic: Hardware backing HAL too slow, could only write 0 of 720 frames
05-01 23:42:43.224 1362-1404/? W/audio_hw_generic: Hardware backing HAL too slow, could only write 0 of 720 frames
05-01 23:42:43.239 1362-1404/? W/audio_hw_generic: Hardware backing HAL too slow, could only write 0 of 720 frames
05-01 23:42:43.254 1362-1404/? W/audio_hw_generic: Hardware backing HAL too slow, could only write 0 of 720 frames
05-01 23:42:43.270 1362-1404/? W/audio_hw_generic: Hardware backing HAL too slow, could only write 0 of 720 frames
05-01 23:42:43.284 1362-1404/? W/audio_hw_generic: Hardware backing HAL too slow, could only write 0 of 720 frames
05-01 23:42:43.298 1362-1404/? W/audio_hw_generic: Hardware backing HAL too slow, could only write 0 of 720 frames
05-01 23:42:43.314 1362-1404/? W/audio_hw_generic: Hardware backing HAL too slow, could only write 0 of 720 frames
05-01 23:42:43.328 1362-1404/? W/audio_hw_generic: Hardware backing HAL too slow, could only write 0 of 720 frames
05-01 23:42:43.344 1362-1404/? W/audio_hw_generic: Hardware backing HAL too slow, could only write 0 of 720 frames
05-01 23:42:43.359 1362-1404/? W/audio_hw_generic: Hardware backing HAL too slow, could only write 0 of 720 frames
05-01 23:42:43.374 1362-1404/? W/audio_hw_generic: Hardware backing HAL too slow, could only write 0 of 720 frames
05-01 23:42:43.389 1362-1404/? W/audio_hw_generic: Hardware backing HAL too slow, could only write 0 of 720 frames
05-01 23:42:43.404 1362-1404/? W/audio_hw_generic: Hardware backing HAL too slow, could only write 0 of 720 frames
05-01 23:42:43.420 1362-1404/? W/audio_hw_generic: Hardware backing HAL too slow, could only write 0 of 720 frames
05-01 23:42:43.434 1362-1404/? W/audio_hw_generic: Hardware backing HAL too slow, could only write 0 of 720 frames
05-01 23:42:43.449 1362-1404/? W/audio_hw_generic: Hardware backing HAL too slow, could only write 0 of 720 frames
05-01 23:42:43.465 1362-1404/? W/audio_hw_generic: Hardware backing HAL too slow, could only write 0 of 720 frames
05-01 23:42:43.479 1362-1404/? W/audio_hw_generic: Hardware backing HAL too slow, could only write 0 of 720 frames
05-01 23:42:43.493 1362-1404/? W/audio_hw_generic: Hardware backing HAL too slow, could only write 0 of 720 frames
05-01 23:42:43.511 1362-1404/? W/audio_hw_generic: Hardware backing HAL too slow, could only write 0 of 720 frames
05-01 23:42:43.527 1362-1404/? W/audio_hw_generic: Hardware backing HAL too slow, could only write 0 of 720 frames
05-01 23:42:43.539 1362-1404/? W/audio_hw_generic: Hardware backing HAL too slow, could only write 0 of 720 frames
05-01 23:42:43.554 1362-1404/? W/audio_hw_generic: Hardware backing HAL too slow, could only write 0 of 720 frames
05-01 23:42:43.570 1362-1404/? W/audio_hw_generic: Hardware backing HAL too slow, could only write 0 of 720 frames
05-01 23:42:43.584 1362-1404/? W/audio_hw_generic: Hardware backing HAL too slow, could only write 0 of 720 frames
05-01 23:42:43.599 1362-1404/? W/audio_hw_generic: Hardware backing HAL too slow, could only write 0 of 720 frames
05-01 23:42:43.613 1362-1404/? W/audio_hw_generic: Hardware backing HAL too slow, could only write 0 of 720 frames
05-01 23:42:43.628 1362-1404/? W/audio_hw_generic: Hardware backing HAL too slow, could only write 0 of 720 frames
05-01 23:42:43.643 1362-1404/? W/audio_hw_generic: Hardware backing HAL too slow, could only write 0 of 720 frames
05-01 23:42:43.658 1362-1404/? W/audio_hw_generic: Hardware backing HAL too slow, could only write 0 of 720 frames
05-01 23:42:43.674 1362-1404/? W/audio_hw_generic: Hardware backing HAL too slow, could only write 0 of 720 frames
05-01 23:42:43.691 1362-1404/? W/audio_hw_generic: Hardware backing HAL too slow, could only write 0 of 720 frames
05-01 23:42:43.704 1362-1404/? W/audio_hw_generic: Hardware backing HAL too slow, could only write 0 of 720 frames
05-01 23:42:43.718 1362-1404/? W/audio_hw_generic: Hardware backing HAL too slow, could only write 0 of 720 frames
05-01 23:42:43.733 1362-1404/? W/audio_hw_generic: Hardware backing HAL too slow, could only write 0 of 720 frames
05-01 23:42:43.749 1362-1404/? W/audio_hw_generic: Hardware backing HAL too slow, could only write 0 of 720 frames
05-01 23:42:43.765 1362-1404/? W/audio_hw_generic: Hardware backing HAL too slow, could only write 0 of 720 frames
05-01 23:42:43.781 1362-1404/? W/audio_hw_generic: Hardware backing HAL too slow, could only write 0 of 720 frames
05-01 23:42:43.794 1362-1404/? W/audio_hw_generic: Hardware backing HAL too slow, could only write 0 of 720 frames
05-01 23:42:43.809 1362-1404/? W/audio_hw_generic: Hardware backing HAL too slow, could only write 0 of 720 frames
05-01 23:42:43.824 1362-1404/? W/audio_hw_generic: Hardware backing HAL too slow, could only write 0 of 720 frames
05-01 23:42:43.840 1362-1404/? W/audio_hw_generic: Hardware backing HAL too slow, could only write 0 of 720 frames
05-01 23:42:43.855 1362-1404/? W/audio_hw_generic: Hardware backing HAL too slow, could only write 0 of 720 frames
05-01 23:42:43.870 1362-1404/? W/audio_hw_generic: Hardware backing HAL too slow, could only write 0 of 720 frames
05-01 23:42:43.883 1362-1404/? W/audio_hw_generic: Hardware backing HAL too slow, could only write 0 of 720 frames
05-01 23:42:43.900 1362-1404/? W/audio_hw_generic: Hardware backing HAL too slow, could only write 0 of 720 frames
05-01 23:42:43.932 1362-1405/? W/audio_hw_generic: Not supplying enough data to HAL, expected position 84519867 , only wrote 84375360
05-01 23:42:44.931 1362-1401/? E/audio_hw_generic: pcm_write failed cannot write stream data: I/O error
05-01 23:42:46.468 1711-2144/system_process I/ActivityManager: START u0 {cmp=project03.csc214.techplace/Views.ProfileActivity (has extras)} from uid 10093 on display 0
05-01 23:42:46.481 1362-1404/? W/audio_hw_generic: Not supplying enough data to HAL, expected position 84375539 , only wrote 84375360
05-01 23:42:46.481 1362-1404/? W/audio_hw_generic: Hardware backing HAL too slow, could only write 0 of 720 frames
05-01 23:42:46.483 1362-1404/? W/audio_hw_generic: Hardware backing HAL too slow, could only write 0 of 720 frames
05-01 23:42:46.501 1362-1404/? W/audio_hw_generic: Hardware backing HAL too slow, could only write 0 of 720 frames
05-01 23:42:46.574 1362-1404/? W/audio_hw_generic: Hardware backing HAL too slow, could only write 0 of 720 frames
05-01 23:42:46.589 1362-1404/? W/audio_hw_generic: Hardware backing HAL too slow, could only write 0 of 720 frames
05-01 23:42:46.603 1362-1404/? W/audio_hw_generic: Hardware backing HAL too slow, could only write 0 of 720 frames
05-01 23:42:46.619 1362-1404/? W/audio_hw_generic: Hardware backing HAL too slow, could only write 0 of 720 frames
05-01 23:42:46.639 1362-1404/? W/audio_hw_generic: Hardware backing HAL too slow, could only write 0 of 720 frames
05-01 23:42:46.649 1362-1404/? W/audio_hw_generic: Hardware backing HAL too slow, could only write 0 of 720 frames
05-01 23:42:46.663 1362-1404/? W/audio_hw_generic: Hardware backing HAL too slow, could only write 0 of 720 frames
05-01 23:42:46.682 1362-1404/? W/audio_hw_generic: Hardware backing HAL too slow, could only write 0 of 720 frames
05-01 23:42:46.694 1362-1404/? W/audio_hw_generic: Hardware backing HAL too slow, could only write 0 of 720 frames
05-01 23:42:46.709 1362-1404/? W/audio_hw_generic: Hardware backing HAL too slow, could only write 0 of 720 frames
05-01 23:42:46.725 1362-1404/? W/audio_hw_generic: Hardware backing HAL too slow, could only write 0 of 720 frames
05-01 23:42:46.740 1362-1404/? W/audio_hw_generic: Hardware backing HAL too slow, could only write 0 of 720 frames
05-01 23:42:46.754 1362-1404/? W/audio_hw_generic: Hardware backing HAL too slow, could only write 0 of 720 frames
